Component: Arm Compiler for Embedded 6.19 Tool: armlink [5e73cb00]

==============================================================================

Section Cross References

    main.o(.text.AutCard) refers to main.o(.text.MX_SPI1_Init) for MX_SPI1_Init
    main.o(.text.AutCard) refers to fatfs.o(.text.MX_FATFS_Init) for MX_FATFS_Init
    main.o(.text.AutCard) refers to main.o(.bss.fs) for fs
    main.o(.text.AutCard) refers to main.o(.rodata.str1.1) for .L.str
    main.o(.text.AutCard) refers to ff.o(.text.f_mount) for f_mount
    main.o(.text.AutCard) refers to main.o(.bss.fres) for fres
    main.o(.text.AutCard) refers to main.o(.bss.str1) for str1
    main.o(.text.AutCard) refers to sprintf.o(.text) for sprintf
    main.o(.text.AutCard) refers to main.o(.text.UART_SendString) for UART_SendString
    main.o(.text.AutCard) refers to main.o(.bss.fil) for fil
    main.o(.text.AutCard) refers to ff.o(.text.f_open) for f_open
    main.o(.text.AutCard) refers to ff.o(.text.f_lseek) for f_lseek
    main.o(.text.AutCard) refers to ff.o(.text.f_gets) for f_gets
    main.o(.text.AutCard) refers to strcspn.o(.text) for strcspn
    main.o(.text.AutCard) refers to main.o(.bss.UID) for UID
    main.o(.text.AutCard) refers to strstr.o(.text) for strstr
    main.o(.text.AutCard) refers to fatfs.o(.text.MX_FATFS_DeInit) for MX_FATFS_DeInit
    main.o(.text.AutCard) refers to main.o(.text.MX_SPI1_DeInit) for MX_SPI1_DeInit
    main.o(.ARM.exidx.text.AutCard) refers to main.o(.text.AutCard) for [Anonymous Symbol]
    main.o(.text.MX_SPI1_Init) refers to stm32f10x_rcc.o(.text.RCC_APB2PeriphClockCmd) for RCC_APB2PeriphClockCmd
    main.o(.text.MX_SPI1_Init) refers to stm32f10x_gpio.o(.text.GPIO_Init) for GPIO_Init
    main.o(.text.MX_SPI1_Init) refers to stm32f10x_gpio.o(.text.GPIO_SetBits) for GPIO_SetBits
    main.o(.text.MX_SPI1_Init) refers to stm32f10x_spi.o(.text.SPI_Init) for SPI_Init
    main.o(.text.MX_SPI1_Init) refers to stm32f10x_spi.o(.text.SPI_Cmd) for SPI_Cmd
    main.o(.ARM.exidx.text.MX_SPI1_Init) refers to main.o(.text.MX_SPI1_Init) for [Anonymous Symbol]
    main.o(.text.UART_SendString) refers to stm32f10x_usart.o(.text.USART_SendData) for USART_SendData
    main.o(.text.UART_SendString) refers to stm32f10x_usart.o(.text.USART_GetFlagStatus) for USART_GetFlagStatus
    main.o(.ARM.exidx.text.UART_SendString) refers to main.o(.text.UART_SendString) for [Anonymous Symbol]
    main.o(.text.MX_SPI1_DeInit) refers to stm32f10x_spi.o(.text.SPI_Cmd) for SPI_Cmd
    main.o(.text.MX_SPI1_DeInit) refers to stm32f10x_spi.o(.text.SPI_I2S_DeInit) for SPI_I2S_DeInit
    main.o(.text.MX_SPI1_DeInit) refers to stm32f10x_gpio.o(.text.GPIO_Init) for GPIO_Init
    main.o(.text.MX_SPI1_DeInit) refers to stm32f10x_gpio.o(.text.GPIO_SetBits) for GPIO_SetBits
    main.o(.ARM.exidx.text.MX_SPI1_DeInit) refers to main.o(.text.MX_SPI1_DeInit) for [Anonymous Symbol]
    main.o(.text.RemoveUIDFromFile) refers to main.o(.rodata.str1.1) for .L.str.6
    main.o(.text.RemoveUIDFromFile) refers to sprintf.o(.text) for sprintf
    main.o(.text.RemoveUIDFromFile) refers to main.o(.text.MX_SPI1_Init) for MX_SPI1_Init
    main.o(.text.RemoveUIDFromFile) refers to fatfs.o(.text.MX_FATFS_Init) for MX_FATFS_Init
    main.o(.text.RemoveUIDFromFile) refers to main.o(.bss.fs) for fs
    main.o(.text.RemoveUIDFromFile) refers to ff.o(.text.f_mount) for f_mount
    main.o(.text.RemoveUIDFromFile) refers to main.o(.bss.fres) for fres
    main.o(.text.RemoveUIDFromFile) refers to main.o(.bss.fil) for fil
    main.o(.text.RemoveUIDFromFile) refers to ff.o(.text.f_open) for f_open
    main.o(.text.RemoveUIDFromFile) refers to ff.o(.text.f_lseek) for f_lseek
    main.o(.text.RemoveUIDFromFile) refers to ff.o(.text.f_close) for f_close
    main.o(.text.RemoveUIDFromFile) refers to ff.o(.text.f_gets) for f_gets
    main.o(.text.RemoveUIDFromFile) refers to strcspn.o(.text) for strcspn
    main.o(.text.RemoveUIDFromFile) refers to main.o(.text.UART_SendString) for UART_SendString
    main.o(.text.RemoveUIDFromFile) refers to strstr.o(.text) for strstr
    main.o(.text.RemoveUIDFromFile) refers to strlen.o(.text) for strlen
    main.o(.text.RemoveUIDFromFile) refers to ff.o(.text.f_write) for f_write
    main.o(.text.RemoveUIDFromFile) refers to ff.o(.text.f_truncate) for f_truncate
    main.o(.text.RemoveUIDFromFile) refers to fatfs.o(.text.MX_FATFS_DeInit) for MX_FATFS_DeInit
    main.o(.text.RemoveUIDFromFile) refers to main.o(.text.MX_SPI1_DeInit) for MX_SPI1_DeInit
    main.o(.ARM.exidx.text.RemoveUIDFromFile) refers to main.o(.text.RemoveUIDFromFile) for [Anonymous Symbol]
    main.o(.text.AddUIDToFile) refers to main.o(.rodata.str1.1) for .L.str.6
    main.o(.text.AddUIDToFile) refers to sprintf.o(.text) for sprintf
    main.o(.text.AddUIDToFile) refers to main.o(.text.MX_SPI1_Init) for MX_SPI1_Init
    main.o(.text.AddUIDToFile) refers to fatfs.o(.text.MX_FATFS_Init) for MX_FATFS_Init
    main.o(.text.AddUIDToFile) refers to main.o(.bss.fs) for fs
[...]
    Files                                    0x2000008c   Data          12  ff.o(.bss.Files)
    [Anonymous Symbol]                       0x2000008c   Section        0  ff.o(.bss.Files)
    Fsid                                     0x20000098   Data           2  ff.o(.bss.Fsid)
    [Anonymous Symbol]                       0x20000098   Section        0  ff.o(.bss.Fsid)
    LfnBuf                                   0x2000009a   Data         512  ff.o(.bss.LfnBuf)
    [Anonymous Symbol]                       0x2000009a   Section        0  ff.o(.bss.LfnBuf)
    PowerFlag                                0x2000029a   Data           1  fatfs_sd.o(.bss.PowerFlag)
    [Anonymous Symbol]                       0x2000029a   Section        0  fatfs_sd.o(.bss.PowerFlag)
    Heap_Mem                                 0x20002368   Data         512  startup_stm32f10x_md.o(HEAP)
    HEAP                                     0x20002368   Section      512  startup_stm32f10x_md.o(HEAP)
    Stack_Mem                                0x20002568   Data        1024  startup_stm32f10x_md.o(STACK)
    STACK                                    0x20002568   Section     1024  startup_stm32f10x_md.o(STACK)
    __initial_sp                             0x20002968   Data           0  startup_stm32f10x_md.o(STACK)

    Global Symbols

    Symbol Name                              Value     Ov Type        Size  Object(Section)

    BuildAttributes$$THM_ISAv4$P$D$K$B$S$PE$A:L22UL41UL21$X:L11$S22US41US21$IEEE1$IW$~IW$USESV6$~STKCKD$USESV7$~SHL$OTIME$ROPI$IEEEJ$EBA8$UX$STANDARDLIB$REQ8$PRES8$EABIv2 0x00000000   Number         0  anon$$obj.o ABSOLUTE
    __fp_init_empty                          0x00000000   Number         0  fpinit_empty.o ABSOLUTE
    _printf_flags                            0x00000000   Number         0  printf_stubs.o ABSOLUTE
    _printf_return_value                     0x00000000   Number         0  printf_stubs.o ABSOLUTE
    _printf_sizespec                         0x00000000   Number         0  printf_stubs.o ABSOLUTE
    _printf_widthprec                        0x00000000   Number         0  printf_stubs.o ABSOLUTE
    __ARM_exceptions_init                     - Undefined Weak Reference
    __alloca_initialize                       - Undefined Weak Reference
    __arm_preinit_                            - Undefined Weak Reference
    __arm_relocate_pie_                       - Undefined Weak Reference
    __cpp_initialize__aeabi_                  - Undefined Weak Reference
    __cxa_finalize                            - Undefined Weak Reference
    __sigvec_lookup                           - Undefined Weak Reference
    _atexit_init                              - Undefined Weak Reference
    _call_atexit_fns                          - Undefined Weak Reference
    _clock_init                               - Undefined Weak Reference
    _fp_trap_init                             - Undefined Weak Reference
    _fp_trap_shutdown                         - Undefined Weak Reference
    _get_lc_collate                           - Undefined Weak Reference
    _get_lc_monetary                          - Undefined Weak Reference
    _get_lc_time                              - Undefined Weak Reference
    _getenv_init                              - Undefined Weak Reference
    _handle_redirection                       - Undefined Weak Reference
    _init_alloc                               - Undefined Weak Reference
    _init_user_alloc                          - Undefined Weak Reference
    _initio                                   - Undefined Weak Reference
    _printf_mbtowc                            - Undefined Weak Reference
    _printf_wc                                - Undefined Weak Reference
    _rand_init                                - Undefined Weak Reference
    _signal_finish                            - Undefined Weak Reference
    _signal_init                              - Undefined Weak Reference
    _terminate_alloc                          - Undefined Weak Reference
    _terminate_user_alloc                     - Undefined Weak Reference
    _terminateio                              - Undefined Weak Reference
    __Vectors_Size                           0x000000ec   Number         0  startup_stm32f10x_md.o ABSOLUTE
    __Vectors                                0x08000000   Data           4  startup_stm32f10x_md.o(RESET)
    __Vectors_End                            0x080000ec   Data           0  startup_stm32f10x_md.o(RESET)
    __main                                   0x080000ed   Thumb Code     8  __main.o(!!!main)
    __scatterload                            0x080000f5   Thumb Code     0  __scatter.o(!!!scatter)
    __scatterload_rt2                        0x080000f5   Thumb Code    44  __scatter.o(!!!scatter)
    __scatterload_rt2_thumb_only             0x080000f5   Thumb Code     0  __scatter.o(!!!scatter)
    __scatterload_null                       0x08000103   Thumb Code     0  __scatter.o(!!!scatter)
    __scatterload_copy                       0x08000129   Thumb Code    26  __scatter_copy.o(!!handler_copy)
    __scatterload_zeroinit                   0x08000145   Thumb Code    28  __scatter_zi.o(!!handler_zi)
    _printf_n                                0x08000161   Thumb Code     0  _printf_n.o(.ARM.Collect$$_printf_percent$$00000001)
    _printf_percent                          0x08000161   Thumb Code     0  _printf_percent.o(.ARM.Collect$$_printf_percent$$00000000)
    _printf_p                                0x08000167   Thumb Code     0  _printf_p.o(.ARM.Collect$$_printf_percent$$00000002)
    _printf_f                                0x0800016d   Thumb Code     0  _printf_f.o(.ARM.Collect$$_printf_percent$$00000003)
    _printf_e                                0x08000173   Thumb Code     0  _printf_e.o(.ARM.Collect$$_printf_percent$$00000004)
    _printf_g                                0x08000179   Thumb Code     0  _printf_g.o(.ARM.Collect$$_printf_percent$$00000005)
    _printf_a                                0x0800017f   Thumb Code     0  _printf_a.o(.ARM.Collect$$_printf_percent$$00000006)
    _printf_ll                               0x08000185   Thumb Code     0  _printf_ll.o(.ARM.Collect$$_printf_percent$$00000007)
    _printf_i                                0x0800018f   Thumb Code     0  _printf_i.o(.ARM.Collect$$_printf_percent$$00000008)
    _printf_d                                0x08000195   Thumb Code     0  _printf_d.o(.ARM.Collect$$_printf_percent$$00000009)
    _printf_u                                0x0800019b   Thumb Code     0  _printf_u.o(.ARM.Collect$$_printf_percent$$0000000A)
    _printf_o                                0x080001a1   Thumb Code     0  _printf_o.o(.ARM.Collect$$_printf_percent$$0000000B)
    _printf_x                                0x080001a7   Thumb Code     0  _printf_x.o(.ARM.Collect$$_printf_percent$$0000000C)
    _printf_lli                              0x080001ad   Thumb Code     0  _printf_lli.o(.ARM.Collect$$_printf_percent$$0000000D)
    _printf_lld                              0x080001b3   Thumb Code     0  _printf_lld.o(.ARM.Collect$$_printf_percent$$0000000E)
    _printf_llu                              0x080001b9   Thumb Code     0  _printf_llu.o(.ARM.Collect$$_printf_percent$$0000000F)
    _printf_llo                              0x080001bf   Thumb Code     0  _printf_llo.o(.ARM.Collect$$_printf_percent$$00000010)
    _printf_llx                              0x080001c5   Thumb Code     0  _printf_llx.o(.ARM.Collect$$_printf_percent$$00000011)
    _printf_l                                0x080001cb   Thumb Code     0  _printf_l.o(.ARM.Collect$$_printf_percent$$00000012)
    _printf_c                                0x080001d5   Thumb Code     0  _printf_c.o(.ARM.Collect$$_printf_percent$$00000013)
    _printf_s                                0x080001db   Thumb Code     0  _printf_s.o(.ARM.Collect$$_printf_percent$$00000014)
    _printf_lc                               0x080001e1   Thumb Code     0  _printf_lc.o(.ARM.Collect$$_printf_percent$$00000015)
    _printf_ls                               0x080001e7   Thumb Code     0  _printf_ls.o(.ARM.Collect$$_printf_percent$$00000016)
    _printf_percent_end                      0x080001ed   Thumb Code     0  _printf_percent_end.o(.ARM.Collect$$_printf_percent$$00000017)
    __rt_lib_init                            0x080001f1   Thumb Code     0  libinit.o(.ARM.Collect$$libinit$$00000000)
    __rt_lib_init_fp_1                       0x080001f3   Thumb Code     0  libinit2.o(.ARM.Collect$$libinit$$00000002)
    __rt_lib_init_heap_1                     0x080001f3   Thumb Code     0  libinit2.o(.ARM.Collect$$libinit$$0000000C)
    __rt_lib_init_lc_common                  0x080001f3   Thumb Code     0  libinit2.o(.ARM.Collect$$libinit$$00000011)
    __rt_lib_init_preinit_1                  0x080001f3   Thumb Code     0  libinit2.o(.ARM.Collect$$libinit$$00000006)
    __rt_lib_init_rand_1                     0x080001f3   Thumb Code     0  libinit2.o(.ARM.Collect$$libinit$$00000010)
    __rt_lib_init_relocate_pie_1             0x080001f3   Thumb Code     0  libinit2.o(.ARM.Collect$$libinit$$00000004)
    __rt_lib_init_user_alloc_1               0x080001f3   Thumb Code     0  libinit2.o(.ARM.Collect$$libinit$$0000000E)
    __rt_lib_init_lc_collate_1               0x080001f9   Thumb Code     0  libinit2.o(.ARM.Collect$$libinit$$00000013)
    __rt_lib_init_lc_ctype_2                 0x080001f9   Thumb Code     0  libinit2.o(.ARM.Collect$$libinit$$00000014)
    __rt_lib_init_lc_ctype_1                 0x08000205   Thumb Code     0  libinit2.o(.ARM.Collect$$libinit$$00000015)
    __rt_lib_init_lc_monetary_1              0x08000205   Thumb Code     0  libinit2.o(.ARM.Collect$$libinit$$00000017)
    __rt_lib_init_lc_numeric_2               0x08000205   Thumb Code     0  libinit2.o(.ARM.Collect$$libinit$$00000018)
    __rt_lib_init_alloca_1                   0x0800020f   Thumb Code     0  libinit2.o(.ARM.Collect$$libinit$$00000030)
    __rt_lib_init_argv_1                     0x0800020f   Thumb Code     0  libinit2.o(.ARM.Collect$$libinit$$0000002E)
    __rt_lib_init_atexit_1                   0x0800020f   Thumb Code     0  libinit2.o(.ARM.Collect$$libinit$$0000001D)
    __rt_lib_init_clock_1                    0x0800020f   Thumb Code     0  libinit2.o(.ARM.Collect$$libinit$$00000023)
    __rt_lib_init_cpp_1                      0x0800020f   Thumb Code     0  libinit2.o(.ARM.Collect$$libinit$$00000034)
    __rt_lib_init_exceptions_1               0x0800020f   Thumb Code     0  libinit2.o(.ARM.Collect$$libinit$$00000032)
    __rt_lib_init_fp_trap_1                  0x0800020f   Thumb Code     0  libinit2.o(.ARM.Collect$$libinit$$00000021)
    __rt_lib_init_getenv_1                   0x0800020f   Thumb Code     0  libinit2.o(.ARM.Collect$$libinit$$00000025)
    __rt_lib_init_lc_numeric_1               0x0800020f   Thumb Code     0  libinit2.o(.ARM.Collect$$libinit$$00000019)
    __rt_lib_init_lc_time_1                  0x0800020f   Thumb Code     0  libinit2.o(.ARM.Collect$$libinit$$0000001B)
    __rt_lib_init_return                     0x0800020f   Thumb Code     0  libinit2.o(.ARM.Collect$$libinit$$00000035)
    __rt_lib_init_signal_1                   0x0800020f   Thumb Code     0  libinit2.o(.ARM.Collect$$libinit$$0000001F)
    __rt_lib_init_stdio_1                    0x0800020f   Thumb Code     0  libinit2.o(.ARM.Collect$$libinit$$00000027)
    __rt_lib_shutdown                        0x08000211   Thumb Code     0  libshutdown.o(.ARM.Collect$$libshutdown$$00000000)
    __rt_lib_shutdown_cpp_1                  0x08000213   Thumb Code     0  libshutdown2.o(.ARM.Collect$$libshutdown$$00000002)
    __rt_lib_shutdown_fp_trap_1              0x08000213   Thumb Code     0  libshutdown2.o(.ARM.Collect$$libshutdown$$00000007)
    __rt_lib_shutdown_heap_1                 0x08000213   Thumb Code     0  libshutdown2.o(.ARM.Collect$$libshutdown$$0000000F)
    __rt_lib_shutdown_return                 0x08000213   Thumb Code     0  libshutdown2.o(.ARM.Collect$$libshutdown$$00000010)
    __rt_lib_shutdown_signal_1               0x08000213   Thumb Code     0  libshutdown2.o(.ARM.Collect$$libshutdown$$0000000A)
    __rt_lib_shutdown_stdio_1                0x08000213   Thumb Code     0  libshutdown2.o(.ARM.Collect$$libshutdown$$00000004)
    __rt_lib_shutdown_user_alloc_1           0x08000213   Thumb Code     0  libshutdown2.o(.ARM.Collect$$libshutdown$$0000000C)
    __rt_entry                               0x08000215   Thumb Code     0  __rtentry.o(.ARM.Collect$$rtentry$$00000000)
    __rt_entry_presh_1                       0x08000215   Thumb Code     0  __rtentry2.o(.ARM.Collect$$rtentry$$00000002)
    __rt_entry_sh                            0x08000215   Thumb Code     0  __rtentry4.o(.ARM.Collect$$rtentry$$00000004)
    __rt_entry_li                            0x0800021b   Thumb Code     0  __rtentry2.o(.ARM.Collect$$rtentry$$0000000A)
    __rt_entry_postsh_1                      0x0800021b   Thumb Code     0  __rtentry2.o(.ARM.Collect$$rtentry$$00000009)
    __rt_entry_main                          0x0800021f   Thumb Code     0  __rtentry2.o(.ARM.Collect$$rtentry$$0000000D)
    __rt_entry_postli_1                      0x0800021f   Thumb Code     0  __rtentry2.o(.ARM.Collect$$rtentry$$0000000C)
    __rt_exit                                0x08000227   Thumb Code     0  rtexit.o(.ARM.Collect$$rtexit$$00000000)
    __rt_exit_ls                             0x08000229   Thumb Code     0  rtexit2.o(.ARM.Collect$$rtexit$$00000003)
    __rt_exit_prels_1                        0x08000229   Thumb Code     0  rtexit2.o(.ARM.Collect$$rtexit$$00000002)
    __rt_exit_exit                           0x0800022d   Thumb Code     0  rtexit2.o(.ARM.Collect$$rtexit$$00000004)
    Reset_Handler                            0x08000235   Thumb Code     8  startup_stm32f10x_md.o(.text)
    NMI_Handler                              0x0800023d   Thumb Code     2  startup_stm32f10x_md.o(.text)
    HardFault_Handler                        0x0800023f   Thumb Code     2  startup_stm32f10x_md.o(.text)
    MemManage_Handler                        0x08000241   Thumb Code     2  startup_stm32f10x_md.o(.text)
    BusFault_Handler                         0x08000243   Thumb Code     2  startup_stm32f10x_md.o(.text)
    UsageFault_Handler                       0x08000245   Thumb Code     2  startup_stm32f10x_md.o(.text)
    SVC_Handler                              0x08000247   Thumb Code     2  startup_stm32f10x_md.o(.text)
    DebugMon_Handler                         0x08000249   Thumb Code     2  startup_stm32f10x_md.o(.text)
    PendSV_Handler                           0x0800024b   Thumb Code     2  startup_stm32f10x_md.o(.text)
    ADC1_2_IRQHandler                        0x0800024f   Thumb Code     0  startup_stm32f10x_md.o(.text)
    CAN1_RX1_IRQHandler                      0x0800024f   Thumb Code     0  startup_stm32f10x_md.o(.text)
    CAN1_SCE_IRQHandler                      0x0800024f   Thumb Code     0  startup_stm32f10x_md.o(.text)
    DMA1_Channel1_IRQHandler                 0x0800024f   Thumb Code     0  startup_stm32f10x_md.o(.text)
    DMA1_Channel2_IRQHandler                 0x0800024f   Thumb Code     0  startup_stm32f10x_md.o(.text)
    DMA1_Channel3_IRQHandler                 0x0800024f   Thumb Code     0  startup_stm32f10x_md.o(.text)
    DMA1_Channel4_IRQHandler                 0x0800024f   Thumb Code     0  startup_stm32f10x_md.o(.text)
    DMA1_Channel5_IRQHandler                 0x0800024f   Thumb Code     0  startup_stm32f10x_md.o(.text)
    DMA1_Channel6_IRQHandler                 0x0800024f   Thumb Code     0  startup_stm32f10x_md.o(.text)
    DMA1_Channel7_IRQHandler                 0x0800024f   Thumb Code     0  startup_stm32f10x_md.o(.text)
    EXTI0_IRQHandler                         0x0800024f   Thumb Code     0  startup_stm32f10x_md.o(.text)
    EXTI15_10_IRQHandler                     0x0800024f   Thumb Code     0  startup_stm32f10x_md.o(.text)
    EXTI1_IRQHandler                         0x0800024f   Thumb Code     0  startup_stm32f10x_md.o(.text)
    EXTI2_IRQHandler                         0x0800024f   Thumb Code     0  startup_stm32f10x_md.o(.text)
    EXTI3_IRQHandler                         0x0800024f   Thumb Code     0  startup_stm32f10x_md.o(.text)
    EXTI4_IRQHandler                         0x0800024f   Thumb Code     0  startup_stm32f10x_md.o(.text)
    FLASH_IRQHandler                         0x0800024f   Thumb Code     0  startup_stm32f10x_md.o(.text)
    I2C1_ER_IRQHandler                       0x0800024f   Thumb Code     0  startup_stm32f10x_md.o(.text)
    I2C1_EV_IRQHandler                       0x0800024f   Thumb Code     0  startup_stm32f10x_md.o(.text)
    I2C2_ER_IRQHandler                       0x0800024f   Thumb Code     0  startup_stm32f10x_md.o(.text)
    I2C2_EV_IRQHandler                       0x0800024f   Thumb Code     0  startup_stm32f10x_md.o(.text)
    PVD_IRQHandler                           0x0800024f   Thumb Code     0  startup_stm32f10x_md.o(.text)
    RCC_IRQHandler                           0x0800024f   Thumb Code     0  startup_stm32f10x_md.o(.text)
    RTCAlarm_IRQHandler                      0x0800024f   Thumb Code     0  startup_stm32f10x_md.o(.text)
    RTC_IRQHandler                           0x0800024f   Thumb Code     0  startup_stm32f10x_md.o(.text)
    SPI1_IRQHandler                          0x0800024f   Thumb Code     0  startup_stm32f10x_md.o(.text)
    SPI2_IRQHandler                          0x0800024f   Thumb Code     0  startup_stm32f10x_md.o(.text)
    TAMPER_IRQHandler                        0x0800024f   Thumb Code     0  startup_stm32f10x_md.o(.text)
    TIM1_BRK_IRQHandler                      0x0800024f   Thumb Code     0  startup_stm32f10x_md.o(.text)
    TIM1_CC_IRQHandler                       0x0800024f   Thumb Code     0  startup_stm32f10x_md.o(.text)
    TIM1_TRG_COM_IRQHandler                  0x0800024f   Thumb Code     0  startup_stm32f10x_md.o(.text)
    TIM1_UP_IRQHandler                       0x0800024f   Thumb Code     0  startup_stm32f10x_md.o(.text)
    TIM2_IRQHandler                          0x0800024f   Thumb Code     0  startup_stm32f10x_md.o(.text)
    TIM3_IRQHandler                          0x0800024f   Thumb Code     0  startup_stm32f10x_md.o(.text)
    TIM4_IRQHandler                          0x0800024f   Thumb Code     0  startup_stm32f10x_md.o(.text)
    USART1_IRQHandler                        0x0800024f   Thumb Code     0  startup_stm32f10x_md.o(.text)
    USART2_IRQHandler                        0x0800024f   Thumb Code     0  startup_stm32f10x_md.o(.text)
    USART3_IRQHandler                        0x0800024f   Thumb Code     0  startup_stm32f10x_md.o(.text)
    USBWakeUp_IRQHandler                     0x0800024f   Thumb Code     0  startup_stm32f10x_md.o(.text)
    USB_HP_CAN1_TX_IRQHandler                0x0800024f   Thumb Code     0  startup_stm32f10x_md.o(.text)
    USB_LP_CAN1_RX0_IRQHandler               0x0800024f   Thumb Code     0  startup_stm32f10x_md.o(.text)
    WWDG_IRQHandler                          0x0800024f   Thumb Code     0  startup_stm32f10x_md.o(.text)
    __user_initial_stackheap                 0x08000251   Thumb Code     0  startup_stm32f10x_md.o(.text)
    sprintf                                  0x08000275   Thumb Code    38  sprintf.o(.text)
    strcspn                                  0x080002a1   Thumb Code    32  strcspn.o(.text)
    strstr                                   0x080002c1   Thumb Code    36  strstr.o(.text)
    strlen                                   0x080002e5   Thumb Code    62  strlen.o(.text)
    __aeabi_memcpy                           0x08000323   Thumb Code     0  rt_memcpy_v6.o(.text)
    __rt_memcpy                              0x08000323   Thumb Code   138  rt_memcpy_v6.o(.text)
    _memcpy_lastbytes                        0x08000389   Thumb Code     0  rt_memcpy_v6.o(.text)
    strcmp                                   0x080003ad   Thumb Code   128  strcmpv7m.o(.text)
    __use_two_region_memory                  0x0800042d   Thumb Code     2  heapauxi.o(.text)
    __rt_heap_escrow$2region                 0x0800042f   Thumb Code     2  heapauxi.o(.text)
    __rt_heap_expand$2region                 0x08000431   Thumb Code     2  heapauxi.o(.text)
    _printf_pre_padding                      0x08000433   Thumb Code    44  _printf_pad.o(.text)
    _printf_post_padding                     0x0800045f   Thumb Code    34  _printf_pad.o(.text)
    _printf_truncate_signed                  0x08000481   Thumb Code    18  _printf_truncate.o(.text)
    _printf_truncate_unsigned                0x08000493   Thumb Code    18  _printf_truncate.o(.text)
    _printf_str                              0x080004a5   Thumb Code    82  _printf_str.o(.text)
    _printf_int_dec                          0x080004f9   Thumb Code   104  _printf_dec.o(.text)
    _printf_charcount                        0x08000571   Thumb Code    40  _printf_charcount.o(.text)
    _printf_char_common                      0x080005a3   Thumb Code    32  _printf_char_common.o(.text)
    _sputc                                   0x080005c9   Thumb Code    10  _sputc.o(.text)
    _printf_wctomb                           0x080005d5   Thumb Code   182  _printf_wctomb.o(.text)
    _printf_longlong_dec                     0x08000691   Thumb Code   108  _printf_longlong_dec.o(.text)
    _printf_longlong_oct                     0x0800070d   Thumb Code    68  _printf_oct_int_ll.o(.text)
    _printf_int_oct                          0x08000751   Thumb Code    24  _printf_oct_int_ll.o(.text)
    _printf_ll_oct                           0x08000769   Thumb Code    12  _printf_oct_int_ll.o(.text)
    _printf_longlong_hex                     0x0800077d   Thumb Code    86  _printf_hex_int_ll_ptr.o(.text)
    _printf_int_hex                          0x080007d3   Thumb Code    28  _printf_hex_int_ll_ptr.o(.text)
    _printf_ll_hex                           0x080007ef   Thumb Code    12  _printf_hex_int_ll_ptr.o(.text)
    _printf_hex_ptr                          0x080007fb   Thumb Code    18  _printf_hex_int_ll_ptr.o(.text)
    __printf                                 0x08000811   Thumb Code   388  __printf_flags_ss_wp.o(.text)
    __aeabi_memcpy4                          0x08000999   Thumb Code     0  rt_memcpy_w.o(.text)
    __aeabi_memcpy8                          0x08000999   Thumb Code     0  rt_memcpy_w.o(.text)
    __rt_memcpy_w                            0x08000999   Thumb Code   100  rt_memcpy_w.o(.text)
    _memcpy_lastbytes_aligned                0x080009e1   Thumb Code     0  rt_memcpy_w.o(.text)
    _ll_udiv10                               0x080009fd   Thumb Code   138  lludiv10.o(.text)
    _printf_int_common                       0x08000a87   Thumb Code   178  _printf_intcommon.o(.text)
    _printf_fp_dec_real                      0x08000ce9   Thumb Code   620  _printf_fp_dec.o(.text)
    _printf_fp_hex_real                      0x08000f55   Thumb Code   756  _printf_fp_hex.o(.text)
    _printf_cs_common                        0x08001251   Thumb Code    20  _printf_char.o(.text)
    _printf_char                             0x08001265   Thumb Code    16  _printf_char.o(.text)
    _printf_string                           0x08001275   Thumb Code     8  _printf_char.o(.text)
    _printf_lcs_common                       0x0800127d   Thumb Code    20  _printf_wchar.o(.text)
    _printf_wchar                            0x08001291   Thumb Code    16  _printf_wchar.o(.text)
    _printf_wstring                          0x080012a1   Thumb Code     8  _printf_wchar.o(.text)
    _c16rtomb                                0x080012a9   Thumb Code    72  _c16rtomb.o(.text)
    _wcrtomb                                 0x080012a9   Thumb Code     0  _c16rtomb.o(.text)
    __user_setup_stackheap                   0x080012f1   Thumb Code    74  sys_stackheap_outer.o(.text)
    __rt_ctype_table                         0x0800133d   Thumb Code    16  rt_ctype_table.o(.text)
    __rt_locale                              0x0800134d   Thumb Code     8  rt_locale_intlibspace.o(.text)
    _printf_fp_infnan                        0x08001355   Thumb Code   112  _printf_fp_infnan.o(.text)
    _btod_etento                             0x080013d5   Thumb Code   224  bigflt0.o(.text)
    exit                                     0x080014b9   Thumb Code    18  exit.o(.text)
    __user_libspace                          0x080014cd   Thumb Code     8  libspace.o(.text)
    __user_perproc_libspace                  0x080014cd   Thumb Code     0  libspace.o(.text)
    __user_perthread_libspace                0x080014cd   Thumb Code     0  libspace.o(.text)
    _sys_exit                                0x080014d5   Thumb Code     8  sys_exit.o(.text)
    __I$use$semihosting                      0x080014e1   Thumb Code     0  use_no_semi.o(.text)
    __use_no_semihosting_swi                 0x080014e1   Thumb Code     2  use_no_semi.o(.text)
    __semihosting_library_function           0x080014e3   Thumb Code     0  indicate_semi.o(.text)
    AddUIDToFile                             0x080014e5   Thumb Code   726  main.o(.text.AddUIDToFile)
    AntennaOn                                0x080017bd   Thumb Code    24  rc522.o(.text.AntennaOn)
    AutCard                                  0x080017d5   Thumb Code   456  main.o(.text.AutCard)
    ClearBitMask                             0x0800199d   Thumb Code    46  rc522.o(.text.ClearBitMask)
    DWT_Delay_Init                           0x080019e1   Thumb Code    92  delay.o(.text.DWT_Delay_Init)
    Delay_Ms                                 0x08001a3d   Thumb Code    44  delay.o(.text.Delay_Ms)
    Delay_Us                                 0x08001a69   Thumb Code    40  delay.o(.text.Delay_Us)
    EXTI9_5_IRQHandler                       0x08001a91   Thumb Code   156  main.o(.text.EXTI9_5_IRQHandler)
    EXTI_ClearITPendingBit                   0x08001b2d   Thumb Code    20  stm32f10x_exti.o(.text.EXTI_ClearITPendingBit)
    EXTI_GetITStatus                         0x08001bc5   Thumb Code    76  stm32f10x_exti.o(.text.EXTI_GetITStatus)
    EXTI_Init                                0x08001c11   Thumb Code   234  stm32f10x_exti.o(.text.EXTI_Init)
    FATFS_LinkDriver                         0x08001cfd   Thumb Code    22  ff_gen_drv.o(.text.FATFS_LinkDriver)
    FATFS_LinkDriverEx                       0x08001d15   Thumb Code   124  ff_gen_drv.o(.text.FATFS_LinkDriverEx)
    FATFS_UnLinkDriver                       0x08001d91   Thumb Code    18  ff_gen_drv.o(.text.FATFS_UnLinkDriver)
    FATFS_UnLinkDriverEx                     0x08001da5   Thumb Code   118  ff_gen_drv.o(.text.FATFS_UnLinkDriverEx)
    FLASH_PrefetchBufferCmd                  0x08001e1d   Thumb Code    32  stm32f10x_flash.o(.text.FLASH_PrefetchBufferCmd)
    FLASH_SetLatency                         0x08001e3d   Thumb Code    44  stm32f10x_flash.o(.text.FLASH_SetLatency)
    GPIO_EXTILineConfig                      0x08001e69   Thumb Code    84  stm32f10x_gpio.o(.text.GPIO_EXTILineConfig)
    GPIO_Init                                0x08001ebd   Thumb Code   390  stm32f10x_gpio.o(.text.GPIO_Init)
    GPIO_PinRemapConfig                      0x08002045   Thumb Code   250  stm32f10x_gpio.o(.text.GPIO_PinRemapConfig)
    GPIO_ResetBits                           0x08002141   Thumb Code    20  stm32f10x_gpio.o(.text.GPIO_ResetBits)
    GPIO_SetBits                             0x08002155   Thumb Code    20  stm32f10x_gpio.o(.text.GPIO_SetBits)
    GPIO_WriteBit                            0x08002169   Thumb Code    44  stm32f10x_gpio.o(.text.GPIO_WriteBit)
    I2C_CheckEvent                           0x08002195   Thumb Code    84  stm32f10x_i2c.o(.text.I2C_CheckEvent)
    I2C_Cmd                                  0x080021e9   Thumb Code    44  stm32f10x_i2c.o(.text.I2C_Cmd)
    I2C_DeInit                               0x08002215   Thumb Code    70  stm32f10x_i2c.o(.text.I2C_DeInit)
    I2C_GenerateSTART                        0x0800225d   Thumb Code    44  stm32f10x_i2c.o(.text.I2C_GenerateSTART)
    I2C_GenerateSTOP                         0x08002289   Thumb Code    44  stm32f10x_i2c.o(.text.I2C_GenerateSTOP)
    I2C_Init                                 0x080022b5   Thumb Code   426  stm32f10x_i2c.o(.text.I2C_Init)
    I2C_Send7bitAddress                      0x08002461   Thumb Code    60  stm32f10x_i2c.o(.text.I2C_Send7bitAddress)
    I2C_SendData                             0x0800249d   Thumb Code    20  stm32f10x_i2c.o(.text.I2C_SendData)
    I2C_WriteData                            0x080024b1   Thumb Code   210  i2c-lcd.o(.text.I2C_WriteData)
    LCD_ClearDisplay                         0x08002585   Thumb Code    10  i2c-lcd.o(.text.LCD_ClearDisplay)
    LCD_Init                                 0x08002591   Thumb Code    52  i2c-lcd.o(.text.LCD_Init)
    LCD_SendCommand                          0x080025c5   Thumb Code    94  i2c-lcd.o(.text.LCD_SendCommand)
    LCD_SendData                             0x08002625   Thumb Code    94  i2c-lcd.o(.text.LCD_SendData)
    LCD_SendString                           0x08002685   Thumb Code    34  i2c-lcd.o(.text.LCD_SendString)
    LCD_SetCursor                            0x080026a9   Thumb Code    56  i2c-lcd.o(.text.LCD_SetCursor)
    MFRC522_Anticoll                         0x080026e1   Thumb Code   146  rc522.o(.text.MFRC522_Anticoll)
    MFRC522_Init                             0x08002775   Thumb Code   102  rc522.o(.text.MFRC522_Init)
    MFRC522_Request                          0x080027dd   Thumb Code    80  rc522.o(.text.MFRC522_Request)
    MFRC522_Reset                            0x0800282d   Thumb Code    12  rc522.o(.text.MFRC522_Reset)
    MFRC522_SPI_Init                         0x08002839   Thumb Code   176  rc522.o(.text.MFRC522_SPI_Init)
    MFRC522_ToCard                           0x080028e9   Thumb Code   510  rc522.o(.text.MFRC522_ToCard)
    MX_FATFS_DeInit                          0x08002ae9   Thumb Code    16  fatfs.o(.text.MX_FATFS_DeInit)
    MX_FATFS_Init                            0x08002af9   Thumb Code    34  fatfs.o(.text.MX_FATFS_Init)
    NVIC_Init                                0x08002ead   Thumb Code   170  misc.o(.text.NVIC_Init)
    RC522_SPI_Transfer                       0x08002f59   Thumb Code    86  rc522.o(.text.RC522_SPI_Transfer)
    RCC_APB1PeriphClockCmd                   0x08002fb1   Thumb Code    56  stm32f10x_rcc.o(.text.RCC_APB1PeriphClockCmd)
    RCC_APB1PeriphResetCmd                   0x08002fe9   Thumb Code    56  stm32f10x_rcc.o(.text.RCC_APB1PeriphResetCmd)
    RCC_APB2PeriphClockCmd                   0x08003021   Thumb Code    56  stm32f10x_rcc.o(.text.RCC_APB2PeriphClockCmd)
    RCC_APB2PeriphResetCmd                   0x08003059   Thumb Code    56  stm32f10x_rcc.o(.text.RCC_APB2PeriphResetCmd)
    RCC_GetClocksFreq                        0x08003091   Thumb Code   370  stm32f10x_rcc.o(.text.RCC_GetClocksFreq)
    RCC_GetFlagStatus                        0x08003205   Thumb Code   130  stm32f10x_rcc.o(.text.RCC_GetFlagStatus)
    RCC_GetSYSCLKSource                      0x08003289   Thumb Code    16  stm32f10x_rcc.o(.text.RCC_GetSYSCLKSource)
    RCC_HCLKConfig                           0x08003299   Thumb Code    44  stm32f10x_rcc.o(.text.RCC_HCLKConfig)
    RCC_HSEConfig                            0x080032c5   Thumb Code    92  stm32f10x_rcc.o(.text.RCC_HSEConfig)
    RCC_PCLK1Config                          0x08003321   Thumb Code    44  stm32f10x_rcc.o(.text.RCC_PCLK1Config)
    RCC_PCLK2Config                          0x0800334d   Thumb Code    46  stm32f10x_rcc.o(.text.RCC_PCLK2Config)
    RCC_PLLCmd                               0x0800337d   Thumb Code    22  stm32f10x_rcc.o(.text.RCC_PLLCmd)
    RCC_PLLConfig                            0x08003395   Thumb Code    50  stm32f10x_rcc.o(.text.RCC_PLLConfig)
    RCC_SYSCLKConfig                         0x080033c9   Thumb Code    44  stm32f10x_rcc.o(.text.RCC_SYSCLKConfig)
    RCC_WaitForHSEStartUp                    0x080033f5   Thumb Code   108  stm32f10x_rcc.o(.text.RCC_WaitForHSEStartUp)
    Read_MFRC522                             0x08003461   Thumb Code    76  rc522.o(.text.Read_MFRC522)
    RemoveUIDFromFile                        0x080034ad   Thumb Code   782  main.o(.text.RemoveUIDFromFile)
    SDTimer_Handler                          0x080037bd   Thumb Code    66  delay.o(.text.SDTimer_Handler)
    SD_disk_initialize                       0x08003b55   Thumb Code   578  fatfs_sd.o(.text.SD_disk_initialize)
    SD_disk_ioctl                            0x08003d99   Thumb Code   574  fatfs_sd.o(.text.SD_disk_ioctl)
    SD_disk_read                             0x08003fd9   Thumb Code   226  fatfs_sd.o(.text.SD_disk_read)
    SD_disk_status                           0x080040bd   Thumb Code    46  fatfs_sd.o(.text.SD_disk_status)
    SD_disk_write                            0x080040ed   Thumb Code   294  fatfs_sd.o(.text.SD_disk_write)
    SPI_Cmd                                  0x08004229   Thumb Code    44  stm32f10x_spi.o(.text.SPI_Cmd)
    SPI_I2S_DeInit                           0x08004255   Thumb Code   128  stm32f10x_spi.o(.text.SPI_I2S_DeInit)
    SPI_I2S_GetFlagStatus                    0x080042d5   Thumb Code    54  stm32f10x_spi.o(.text.SPI_I2S_GetFlagStatus)
    SPI_I2S_ReceiveData                      0x0800430d   Thumb Code    12  stm32f10x_spi.o(.text.SPI_I2S_ReceiveData)
    SPI_I2S_SendData                         0x08004319   Thumb Code    20  stm32f10x_spi.o(.text.SPI_I2S_SendData)
    SPI_Init                                 0x0800432d   Thumb Code   104  stm32f10x_spi.o(.text.SPI_Init)
    SetBitMask                               0x08004459   Thumb Code    46  rc522.o(.text.SetBitMask)
    SysTick_Handler                          0x08004609   Thumb Code    74  delay.o(.text.SysTick_Handler)
    Sys_DelayInit                            0x08004655   Thumb Code    40  delay.o(.text.Sys_DelayInit)
    SystemClock_Config                       0x0800467d   Thumb Code   118  main.o(.text.SystemClock_Config)
    SystemInit                               0x080046f5   Thumb Code   102  system_stm32f10x.o(.text.SystemInit)
    TIM2_Config                              0x0800475d   Thumb Code    62  delay.o(.text.TIM2_Config)
    TIM_Cmd                                  0x0800479d   Thumb Code    44  stm32f10x_tim.o(.text.TIM_Cmd)
    TIM_GetCounter                           0x080047c9   Thumb Code    12  stm32f10x_tim.o(.text.TIM_GetCounter)
    TIM_SetCounter                           0x080047d5   Thumb Code    20  stm32f10x_tim.o(.text.TIM_SetCounter)
    TIM_TimeBaseInit                         0x080047e9   Thumb Code   322  stm32f10x_tim.o(.text.TIM_TimeBaseInit)
    UART_SendString                          0x0800492d   Thumb Code    54  main.o(.text.UART_SendString)
    USART_Cmd                                0x08004965   Thumb Code    44  stm32f10x_usart.o(.text.USART_Cmd)
    USART_GetFlagStatus                      0x08004991   Thumb Code    68  stm32f10x_usart.o(.text.USART_GetFlagStatus)
    USART_Init                               0x080049d5   Thumb Code   348  stm32f10x_usart.o(.text.USART_Init)
    USART_SendData                           0x08004b31   Thumb Code    24  stm32f10x_usart.o(.text.USART_SendData)
    USER_initialize                          0x08004b49   Thumb Code    20  user_diskio.o(.text.USER_initialize)
    USER_ioctl                               0x08004b5d   Thumb Code    32  user_diskio.o(.text.USER_ioctl)
    USER_read                                0x08004b7d   Thumb Code    32  user_diskio.o(.text.USER_read)
    USER_status                              0x08004b9d   Thumb Code    20  user_diskio.o(.text.USER_status)
    USER_write                               0x08004bb1   Thumb Code    32  user_diskio.o(.text.USER_write)
    Write_MFRC522                            0x08004bd1   Thumb Code    70  rc522.o(.text.Write_MFRC522)
    clust2sect                               0x08004f85   Thumb Code    66  ff.o(.text.clust2sect)
    disk_initialize                          0x08005fdd   Thumb Code    80  diskio.o(.text.disk_initialize)
    disk_ioctl                               0x0800602d   Thumb Code    58  diskio.o(.text.disk_ioctl)
    disk_read                                0x08006069   Thumb Code    60  diskio.o(.text.disk_read)
    disk_status                              0x080060a5   Thumb Code    46  diskio.o(.text.disk_status)
    disk_write                               0x080060d5   Thumb Code    60  diskio.o(.text.disk_write)
    f_close                                  0x0800615d   Thumb Code    90  ff.o(.text.f_close)
    f_gets                                   0x080061b9   Thumb Code   138  ff.o(.text.f_gets)
    f_lseek                                  0x08006245   Thumb Code  1484  ff.o(.text.f_lseek)
    f_mount                                  0x08006811   Thumb Code   172  ff.o(.text.f_mount)
    f_open                                   0x080068bd   Thumb Code  1078  ff.o(.text.f_open)
    f_read                                   0x08006cf5   Thumb Code   936  ff.o(.text.f_read)
    f_sync                                   0x0800709d   Thumb Code   340  ff.o(.text.f_sync)
    f_truncate                               0x080071f1   Thumb Code   442  ff.o(.text.f_truncate)
    f_write                                  0x080073ad   Thumb Code  1064  ff.o(.text.f_write)
    ff_convert                               0x080077d5   Thumb Code   170  ccsbcs.o(.text.ff_convert)
    ff_wtoupper                              0x08007881   Thumb Code   132  ccsbcs.o(.text.ff_wtoupper)
    get_fat                                  0x08008199   Thumb Code   398  ff.o(.text.get_fat)
    get_fattime                              0x08008329   Thumb Code     4  fatfs.o(.text.get_fattime)
    main                                     0x080085a1   Thumb Code   472  main.o(.text.main)
    put_fat                                  0x08008891   Thumb Code   572  ff.o(.text.put_fat)
    _btod_d2e                                0x08008e51   Thumb Code    62  btod.o(CL$$btod_d2e)
    _d2e_denorm_low                          0x08008e8f   Thumb Code    70  btod.o(CL$$btod_d2e_denorm_low)
    _d2e_norm_op1                            0x08008ed5   Thumb Code    96  btod.o(CL$$btod_d2e_norm_op1)
    __btod_div_common                        0x08008f35   Thumb Code   696  btod.o(CL$$btod_div_common)
    _e2e                                     0x0800926d   Thumb Code   220  btod.o(CL$$btod_e2e)
    _btod_ediv                               0x08009349   Thumb Code    42  btod.o(CL$$btod_ediv)
    _btod_emul                               0x08009373   Thumb Code    42  btod.o(CL$$btod_emul)
    __btod_mult_common                       0x0800939d   Thumb Code   580  btod.o(CL$$btod_mult_common)
    __ARM_fpclassify                         0x080095e1   Thumb Code    40  fpclassify.o(i.__ARM_fpclassify)
    _is_digit                                0x08009609   Thumb Code    14  __printf_wp.o(i._is_digit)
    _get_lc_numeric                          0x08009619   Thumb Code    44  lc_numeric_c.o(locale$$code)
    _get_lc_ctype                            0x08009645   Thumb Code    44  lc_ctype_c.o(locale$$code)
    _printf_fp_dec                           0x08009671   Thumb Code     4  printf1.o(x$fpl$printf1)
    _printf_fp_hex                           0x08009675   Thumb Code     4  printf2.o(x$fpl$printf2)
    __I$use$fp                               0x08009678   Number         0  usenofp.o(x$fpl$usenofp)
    Region$$Table$$Base                      0x08009ed4   Number         0  anon$$obj.o(Region$$Table)
    Region$$Table$$Limit                     0x08009ef4   Number         0  anon$$obj.o(Region$$Table)
    __ctype                                  0x08009f1d   Data           0  lc_ctype_c.o(locale$$data)
    SystemCoreClock                          0x20000004   Data           4  system_stm32f10x.o(.data.SystemCoreClock)
    USER_Driver                              0x20000008   Data          20  user_diskio.o(.data.USER_Driver)
    __libspace_start                         0x20000020   Data          96  libspace.o(.bss)
    __temporary_stack_top$libspace           0x20000080   Data           0  libspace.o(.bss)
    FatFsCnt                                 0x20000088   Data           1  delay.o(.bss.FatFsCnt)
    Timer1                                   0x2000029b   Data           1  delay.o(.bss.Timer1)
    Timer2                                   0x2000029c   Data           1  delay.o(.bss.Timer2)
    UID                                      0x2000029d   Data           5  main.o(.bss.UID)
    USERPath                                 0x200002a2   Data           4  fatfs.o(.bss.USERPath)
    button1Pressed                           0x200002a6   Data           1  main.o(.bss.button1Pressed)
    button2Pressed                           0x200002a7   Data           1  main.o(.bss.button2Pressed)
    disk                                     0x200002a8   Data          12  ff_gen_drv.o(.bss.disk)
    fil                                      0x200002b4   Data        4140  main.o(.bss.fil)
    fres                                     0x200012e0   Data           1  main.o(.bss.fres)
    fs                                       0x200012e4   Data        4144  main.o(.bss.fs)
    retUSER                                  0x20002314   Data           1  fatfs.o(.bss.retUSER)
    str1                                     0x20002315   Data          50  main.o(.bss.str1)
    str2                                     0x20002347   Data          25  main.o(.bss.str2)
    sysTimingDelay                           0x20002360   Data           4  delay.o(.bss.sysTimingDelay)



==============================================================================

Memory Map of the image

  Image Entry point : 0x080000ed

  Load Region LR_IROM1 (Base: 0x08000000, Size: 0x0000a040, Max: 0x00010000, ABSOLUTE)

    Execution Region ER_IROM1 (Exec base: 0x08000000, Load base: 0x08000000, Size: 0x0000a020, Max: 0x00010000, ABSOLUTE)

    Exec Addr    Load Addr    Size         Type   Attr      Idx    E Section Name        Object

    0x08000000   0x08000000   0x000000ec   Data   RO         1135    RESET               startup_stm32f10x_md.o
    0x080000ec   0x080000ec   0x00000008   Code   RO         1175  * !!!main             c_w.l(__main.o)
    0x080000f4   0x080000f4   0x00000034   Code   RO         1512    !!!scatter          c_w.l(__scatter.o)
    0x08000128   0x08000128   0x0000001a   Code   RO         1514    !!handler_copy      c_w.l(__scatter_copy.o)
    0x08000142   0x08000142   0x00000002   PAD
    0x08000144   0x08000144   0x0000001c   Code   RO         1516    !!handler_zi        c_w.l(__scatter_zi.o)
    0x08000160   0x08000160   0x00000000   Code   RO         1259    .ARM.Collect$$_printf_percent$$00000000  c_w.l(_printf_percent.o)
    0x08000160   0x08000160   0x00000006   Code   RO         1248    .ARM.Collect$$_printf_percent$$00000001  c_w.l(_printf_n.o)
    0x08000166   0x08000166   0x00000006   Code   RO         1250    .ARM.Collect$$_printf_percent$$00000002  c_w.l(_printf_p.o)
    0x0800016c   0x0800016c   0x00000006   Code   RO         1255    .ARM.Collect$$_printf_percent$$00000003  c_w.l(_printf_f.o)
    0x08000172   0x08000172   0x00000006   Code   RO         1256    .ARM.Collect$$_printf_percent$$00000004  c_w.l(_printf_e.o)
    0x08000178   0x08000178   0x00000006   Code   RO         1257    .ARM.Collect$$_printf_percent$$00000005  c_w.l(_printf_g.o)
    0x0800017e   0x0800017e   0x00000006   Code   RO         1258    .ARM.Collect$$_printf_percent$$00000006  c_w.l(_printf_a.o)
    0x08000184   0x08000184   0x0000000a   Code   RO         1263    .ARM.Collect$$_printf_percent$$00000007  c_w.l(_printf_ll.o)
    0x0800018e   0x0800018e   0x00000006   Code   RO         1252    .ARM.Collect$$_printf_percent$$00000008  c_w.l(_printf_i.o)
    0x08000194   0x08000194   0x00000006   Code   RO         1253    .ARM.Collect$$_printf_percent$$00000009  c_w.l(_printf_d.o)
    0x0800019a   0x0800019a   0x00000006   Code   RO         1254    .ARM.Collect$$_printf_percent$$0000000A  c_w.l(_printf_u.o)
    0x080001a0   0x080001a0   0x00000006   Code   RO         1251    .ARM.Collect$$_printf_percent$$0000000B  c_w.l(_printf_o.o)
    0x080001a6   0x080001a6   0x00000006   Code   RO         1249    .ARM.Collect$$_printf_percent$$0000000C  c_w.l(_printf_x.o)
    0x080001ac   0x080001ac   0x00000006   Code   RO         1260    .ARM.Collect$$_printf_percent$$0000000D  c_w.l(_printf_lli.o)
    0x080001b2   0x080001b2   0x00000006   Code   RO         1261    .ARM.Collect$$_printf_percent$$0000000E  c_w.l(_printf_lld.o)
    0x080001b8   0x080001b8   0x00000006   Code   RO         1262    .ARM.Collect$$_printf_percent$$0000000F  c_w.l(_printf_llu.o)
    0x080001be   0x080001be   0x00000006   Code   RO         1267    .ARM.Collect$$_printf_percent$$00000010  c_w.l(_printf_llo.o)
    0x080001c4   0x080001c4   0x00000006   Code   RO         1268    .ARM.Collect$$_printf_percent$$00000011  c_w.l(_printf_llx.o)
    0x080001ca   0x080001ca   0x0000000a   Code   RO         1264    .ARM.Collect$$_printf_percent$$00000012  c_w.l(_printf_l.o)
    0x080001d4   0x080001d4   0x00000006   Code   RO         1246    .ARM.Collect$$_printf_percent$$00000013  c_w.l(_printf_c.o)
    0x080001da   0x080001da   0x00000006   Code   RO         1247    .ARM.Collect$$_printf_percent$$00000014  c_w.l(_printf_s.o)
    0x080001e0   0x080001e0   0x00000006   Code   RO         1265    .ARM.Collect$$_printf_percent$$00000015  c_w.l(_printf_lc.o)
    0x080001e6   0x080001e6   0x00000006   Code   RO         1266    .ARM.Collect$$_printf_percent$$00000016  c_w.l(_printf_ls.o)
    0x080001ec   0x080001ec   0x00000004   Code   RO         1311    .ARM.Collect$$_printf_percent$$00000017  c_w.l(_printf_percent_end.o)
    0x080001f0   0x080001f0   0x00000002   Code   RO         1362    .ARM.Collect$$libinit$$00000000  c_w.l(libinit.o)
    0x080001f2   0x080001f2   0x00000000   Code   RO         1379    .ARM.Collect$$libinit$$00000002  c_w.l(libinit2.o)
    0x080001f2   0x080001f2   0x00000000   Code   RO         1381    .ARM.Collect$$libinit$$00000004  c_w.l(libinit2.o)
    0x080001f2   0x080001f2   0x00000000   Code   RO         1383    .ARM.Collect$$libinit$$00000006  c_w.l(libinit2.o)
    0x080001f2   0x080001f2   0x00000000   Code   RO         1386    .ARM.Collect$$libinit$$0000000C  c_w.l(libinit2.o)
    0x080001f2   0x080001f2   0x00000000   Code   RO         1388    .ARM.Collect$$libinit$$0000000E  c_w.l(libinit2.o)
    0x080001f2   0x080001f2   0x00000000   Code   RO         1390    .ARM.Collect$$libinit$$00000010  c_w.l(libinit2.o)
    0x080001f2   0x080001f2   0x00000006   Code   RO         1391    .ARM.Collect$$libinit$$00000011  c_w.l(libinit2.o)
    0x080001f8   0x080001f8   0x00000000   Code   RO         1393    .ARM.Collect$$libinit$$00000013  c_w.l(libinit2.o)
    0x080001f8   0x080001f8   0x0000000c   Code   RO         1394    .ARM.Collect$$libinit$$00000014  c_w.l(libinit2.o)
    0x08000204   0x08000204   0x00000000   Code   RO         1395    .ARM.Collect$$libinit$$00000015  c_w.l(libinit2.o)
    0x08000204   0x08000204   0x00000000   Code   RO         1397    .ARM.Collect$$libinit$$00000017  c_w.l(libinit2.o)
    0x08000204   0x08000204   0x0000000a   Code   RO         1398    .ARM.Collect$$libinit$$00000018  c_w.l(libinit2.o)
    0x0800020e   0x0800020e   0x00000000   Code   RO         1399    .ARM.Collect$$libinit$$00000019  c_w.l(libinit2.o)
    0x0800020e   0x0800020e   0x00000000   Code   RO         1401    .ARM.Collect$$libinit$$0000001B  c_w.l(libinit2.o)
    0x0800020e   0x0800020e   0x00000000   Code   RO         1403    .ARM.Collect$$libinit$$0000001D  c_w.l(libinit2.o)
    0x0800020e   0x0800020e   0x00000000   Code   RO         1405    .ARM.Collect$$libinit$$0000001F  c_w.l(libinit2.o)
    0x0800020e   0x0800020e   0x00000000   Code   RO         1407    .ARM.Collect$$libinit$$00000021  c_w.l(libinit2.o)
    0x0800020e   0x0800020e   0x00000000   Code   RO         1409    .ARM.Collect$$libinit$$00000023  c_w.l(libinit2.o)
    0x0800020e   0x0800020e   0x00000000   Code   RO         1411    .ARM.Collect$$libinit$$00000025  c_w.l(libinit2.o)
    0x0800020e   0x0800020e   0x00000000   Code   RO         1413    .ARM.Collect$$libinit$$00000027  c_w.l(libinit2.o)
    0x0800020e   0x0800020e   0x00000000   Code   RO         1417    .ARM.Collect$$libinit$$0000002E  c_w.l(libinit2.o)
    0x0800020e   0x0800020e   0x00000000   Code   RO         1419    .ARM.Collect$$libinit$$00000030  c_w.l(libinit2.o)
    0x0800020e   0x0800020e   0x00000000   Code   RO         1421    .ARM.Collect$$libinit$$00000032  c_w.l(libinit2.o)
    0x0800020e   0x0800020e   0x00000000   Code   RO         1423    .ARM.Collect$$libinit$$00000034  c_w.l(libinit2.o)
    0x0800020e   0x0800020e   0x00000002   Code   RO         1424    .ARM.Collect$$libinit$$00000035  c_w.l(libinit2.o)
    0x08000210   0x08000210   0x00000002   Code   RO         1448    .ARM.Collect$$libshutdown$$00000000  c_w.l(libshutdown.o)
    0x08000212   0x08000212   0x00000000   Code   RO         1463    .ARM.Collect$$libshutdown$$00000002  c_w.l(libshutdown2.o)
    0x08000212   0x08000212   0x00000000   Code   RO         1465    .ARM.Collect$$libshutdown$$00000004  c_w.l(libshutdown2.o)
    0x08000212   0x08000212   0x00000000   Code   RO         1468    .ARM.Collect$$libshutdown$$00000007  c_w.l(libshutdown2.o)
    0x08000212   0x08000212   0x00000000   Code   RO         1471    .ARM.Collect$$libshutdown$$0000000A  c_w.l(libshutdown2.o)
    0x08000212   0x08000212   0x00000000   Code   RO         1473    .ARM.Collect$$libshutdown$$0000000C  c_w.l(libshutdown2.o)
    0x08000212   0x08000212   0x00000000   Code   RO         1476    .ARM.Collect$$libshutdown$$0000000F  c_w.l(libshutdown2.o)
    0x08000212   0x08000212   0x00000002   Code   RO         1477    .ARM.Collect$$libshutdown$$00000010  c_w.l(libshutdown2.o)
    0x08000214   0x08000214   0x00000000   Code   RO         1177    .ARM.Collect$$rtentry$$00000000  c_w.l(__rtentry.o)
    0x08000214   0x08000214   0x00000000   Code   RO         1280    .ARM.Collect$$rtentry$$00000002  c_w.l(__rtentry2.o)
    0x08000214   0x08000214   0x00000006   Code   RO         1292    .ARM.Collect$$rtentry$$00000004  c_w.l(__rtentry4.o)
    0x0800021a   0x0800021a   0x00000000   Code   RO         1282    .ARM.Collect$$rtentry$$00000009  c_w.l(__rtentry2.o)
    0x0800021a   0x0800021a   0x00000004   Code   RO         1283    .ARM.Collect$$rtentry$$0000000A  c_w.l(__rtentry2.o)
    0x0800021e   0x0800021e   0x00000000   Code   RO         1285    .ARM.Collect$$rtentry$$0000000C  c_w.l(__rtentry2.o)
    0x0800021e   0x0800021e   0x00000008   Code   RO         1286    .ARM.Collect$$rtentry$$0000000D  c_w.l(__rtentry2.o)
    0x08000226   0x08000226   0x00000002   Code   RO         1371    .ARM.Collect$$rtexit$$00000000  c_w.l(rtexit.o)
    0x08000228   0x08000228   0x00000000   Code   RO         1426    .ARM.Collect$$rtexit$$00000002  c_w.l(rtexit2.o)
    0x08000228   0x08000228   0x00000004   Code   RO         1427    .ARM.Collect$$rtexit$$00000003  c_w.l(rtexit2.o)
    0x0800022c   0x0800022c   0x00000006   Code   RO         1428    .ARM.Collect$$rtexit$$00000004  c_w.l(rtexit2.o)
    0x08000232   0x08000232   0x00000002   PAD
    0x08000234   0x08000234   0x00000040   Code   RO         1136    .text               startup_stm32f10x_md.o
    0x08000274   0x08000274   0x0000002c   Code   RO         1161    .text               c_w.l(sprintf.o)
    0x080002a0   0x080002a0   0x00000020   Code   RO         1163    .text               c_w.l(strcspn.o)
    0x080002c0   0x080002c0   0x00000024   Code   RO         1165    .text               c_w.l(strstr.o)
    0x080002e4   0x080002e4   0x0000003e   Code   RO         1167    .text               c_w.l(strlen.o)
    0x08000322   0x08000322   0x0000008a   Code   RO         1169    .text               c_w.l(rt_memcpy_v6.o)
    0x080003ac   0x080003ac   0x00000080   Code   RO         1171    .text               c_w.l(strcmpv7m.o)
    0x0800042c   0x0800042c   0x00000006   Code   RO         1173    .text               c_w.l(heapauxi.o)
    0x08000432   0x08000432   0x0000004e   Code   RO         1180    .text               c_w.l(_printf_pad.o)
    0x08000480   0x08000480   0x00000024   Code   RO         1182    .text               c_w.l(_printf_truncate.o)
    0x080004a4   0x080004a4   0x00000052   Code   RO         1184    .text               c_w.l(_printf_str.o)
    0x080004f6   0x080004f6   0x00000002   PAD
    0x080004f8   0x080004f8   0x00000078   Code   RO         1186    .text               c_w.l(_printf_dec.o)
    0x08000570   0x08000570   0x00000028   Code   RO         1188    .text               c_w.l(_printf_charcount.o)
    0x08000598   0x08000598   0x00000030   Code   RO         1190    .text               c_w.l(_printf_char_common.o)
    0x080005c8   0x080005c8   0x0000000a   Code   RO         1192    .text               c_w.l(_sputc.o)
    0x080005d2   0x080005d2   0x00000002   PAD
    0x080005d4   0x080005d4   0x000000bc   Code   RO         1194    .text               c_w.l(_printf_wctomb.o)
    0x08000690   0x08000690   0x0000007c   Code   RO         1197    .text               c_w.l(_printf_longlong_dec.o)
    0x0800070c   0x0800070c   0x00000070   Code   RO         1203    .text               c_w.l(_printf_oct_int_ll.o)
    0x0800077c   0x0800077c   0x00000094   Code   RO         1223    .text               c_w.l(_printf_hex_int_ll_ptr.o)
    0x08000810   0x08000810   0x00000188   Code   RO         1243    .text               c_w.l(__printf_flags_ss_wp.o)
    0x08000998   0x08000998   0x00000064   Code   RO         1269    .text               c_w.l(rt_memcpy_w.o)
    0x080009fc   0x080009fc   0x0000008a   Code   RO         1294    .text               c_w.l(lludiv10.o)
    0x08000a86   0x08000a86   0x000000b2   Code   RO         1296    .text               c_w.l(_printf_intcommon.o)
    0x08000b38   0x08000b38   0x0000041c   Code   RO         1298    .text               c_w.l(_printf_fp_dec.o)
    0x08000f54   0x08000f54   0x000002fc   Code   RO         1302    .text               c_w.l(_printf_fp_hex.o)
    0x08001250   0x08001250   0x0000002c   Code   RO         1307    .text               c_w.l(_printf_char.o)
    0x0800127c   0x0800127c   0x0000002c   Code   RO         1309    .text               c_w.l(_printf_wchar.o)
    0x080012a8   0x080012a8   0x00000048   Code   RO         1312    .text               c_w.l(_c16rtomb.o)
    0x080012f0   0x080012f0   0x0000004a   Code   RO         1314    .text               c_w.l(sys_stackheap_outer.o)
    0x0800133a   0x0800133a   0x00000002   PAD
    0x0800133c   0x0800133c   0x00000010   Code   RO         1316    .text               c_w.l(rt_ctype_table.o)
    0x0800134c   0x0800134c   0x00000008   Code   RO         1321    .text               c_w.l(rt_locale_intlibspace.o)
    0x08001354   0x08001354   0x00000080   Code   RO         1323    .text               c_w.l(_printf_fp_infnan.o)
    0x080013d4   0x080013d4   0x000000e4   Code   RO         1325    .text               c_w.l(bigflt0.o)
    0x080014b8   0x080014b8   0x00000012   Code   RO         1355    .text               c_w.l(exit.o)
    0x080014ca   0x080014ca   0x00000002   PAD
    0x080014cc   0x080014cc   0x00000008   Code   RO         1368    .text               c_w.l(libspace.o)
    0x080014d4   0x080014d4   0x0000000c   Code   RO         1438    .text               c_w.l(sys_exit.o)
    0x080014e0   0x080014e0   0x00000002   Code   RO         1453    .text               c_w.l(use_no_semi.o)
    0x080014e2   0x080014e2   0x00000000   Code   RO         1455    .text               c_w.l(indicate_semi.o)
    0x080014e2   0x080014e2   0x00000002   PAD
    0x080014e4   0x080014e4   0x000002d6   Code   RO           12    .text.AddUIDToFile  main.o
    0x080017ba   0x080017ba   0x00000002   PAD
    0x080017bc   0x080017bc   0x00000018   Code   RO          109    .text.AntennaOn     rc522.o
    0x080017d4   0x080017d4   0x000001c8   Code   RO            2    .text.AutCard       main.o
    0x0800199c   0x0800199c   0x0000002e   Code   RO          107    .text.ClearBitMask  rc522.o
    0x080019ca   0x080019ca   0x00000002   PAD
    0x080019cc   0x080019cc   0x00000012   Code   RO          194    .text.DESELECT      fatfs_sd.o
    0x080019de   0x080019de   0x00000002   PAD
    0x080019e0   0x080019e0   0x0000005c   Code   RO           64    .text.DWT_Delay_Init  delay.o
    0x08001a3c   0x08001a3c   0x0000002c   Code   RO           82    .text.Delay_Ms      delay.o
    0x08001a68   0x08001a68   0x00000028   Code   RO           80    .text.Delay_Us      delay.o
    0x08001a90   0x08001a90   0x0000009c   Code   RO           28    .text.EXTI9_5_IRQHandler  main.o
    0x08001b2c   0x08001b2c   0x00000014   Code   RO          499    .text.EXTI_ClearITPendingBit  stm32f10x_exti.o
    0x08001b40   0x08001b40   0x00000084   Code   RO           26    .text.EXTI_Config   main.o
    0x08001bc4   0x08001bc4   0x0000004c   Code   RO          497    .text.EXTI_GetITStatus  stm32f10x_exti.o
    0x08001c10   0x08001c10   0x000000ea   Code   RO          487    .text.EXTI_Init     stm32f10x_exti.o
    0x08001cfa   0x08001cfa   0x00000002   PAD
    0x08001cfc   0x08001cfc   0x00000016   Code   RO          248    .text.FATFS_LinkDriver  ff_gen_drv.o
    0x08001d12   0x08001d12   0x00000002   PAD
    0x08001d14   0x08001d14   0x0000007c   Code   RO          246    .text.FATFS_LinkDriverEx  ff_gen_drv.o
    0x08001d90   0x08001d90   0x00000012   Code   RO          252    .text.FATFS_UnLinkDriver  ff_gen_drv.o
    0x08001da2   0x08001da2   0x00000002   PAD
    0x08001da4   0x08001da4   0x00000076   Code   RO          250    .text.FATFS_UnLinkDriverEx  ff_gen_drv.o
    0x08001e1a   0x08001e1a   0x00000002   PAD
    0x08001e1c   0x08001e1c   0x00000020   Code   RO          512    .text.FLASH_PrefetchBufferCmd  stm32f10x_flash.o
    0x08001e3c   0x08001e3c   0x0000002c   Code   RO          508    .text.FLASH_SetLatency  stm32f10x_flash.o
    0x08001e68   0x08001e68   0x00000054   Code   RO          603    .text.GPIO_EXTILineConfig  stm32f10x_gpio.o
    0x08001ebc   0x08001ebc   0x00000186   Code   RO          575    .text.GPIO_Init     stm32f10x_gpio.o
    0x08002042   0x08002042   0x00000002   PAD
    0x08002044   0x08002044   0x000000fa   Code   RO          601    .text.GPIO_PinRemapConfig  stm32f10x_gpio.o
    0x0800213e   0x0800213e   0x00000002   PAD
    0x08002140   0x08002140   0x00000014   Code   RO          589    .text.GPIO_ResetBits  stm32f10x_gpio.o
    0x08002154   0x08002154   0x00000014   Code   RO          587    .text.GPIO_SetBits  stm32f10x_gpio.o
    0x08002168   0x08002168   0x0000002c   Code   RO          591    .text.GPIO_WriteBit  stm32f10x_gpio.o
    0x08002194   0x08002194   0x00000054   Code   RO          668    .text.I2C_CheckEvent  stm32f10x_i2c.o
    0x080021e8   0x080021e8   0x0000002c   Code   RO          620    .text.I2C_Cmd       stm32f10x_i2c.o
    0x08002214   0x08002214   0x00000046   Code   RO          614    .text.I2C_DeInit    stm32f10x_i2c.o
    0x0800225a   0x0800225a   0x00000002   PAD
    0x0800225c   0x0800225c   0x0000002c   Code   RO          626    .text.I2C_GenerateSTART  stm32f10x_i2c.o
    0x08002288   0x08002288   0x0000002c   Code   RO          628    .text.I2C_GenerateSTOP  stm32f10x_i2c.o
    0x080022b4   0x080022b4   0x000001aa   Code   RO          616    .text.I2C_Init      stm32f10x_i2c.o
    0x0800245e   0x0800245e   0x00000002   PAD
    0x08002460   0x08002460   0x0000003c   Code   RO          644    .text.I2C_Send7bitAddress  stm32f10x_i2c.o
    0x0800249c   0x0800249c   0x00000014   Code   RO          640    .text.I2C_SendData  stm32f10x_i2c.o
    0x080024b0   0x080024b0   0x000000d2   Code   RO          146    .text.I2C_WriteData  i2c-lcd.o
    0x08002582   0x08002582   0x00000002   PAD
    0x08002584   0x08002584   0x0000000a   Code   RO          156    .text.LCD_ClearDisplay  i2c-lcd.o
    0x0800258e   0x0800258e   0x00000002   PAD
    0x08002590   0x08002590   0x00000034   Code   RO          152    .text.LCD_Init      i2c-lcd.o
    0x080025c4   0x080025c4   0x0000005e   Code   RO          148    .text.LCD_SendCommand  i2c-lcd.o
    0x08002622   0x08002622   0x00000002   PAD
    0x08002624   0x08002624   0x0000005e   Code   RO          150    .text.LCD_SendData  i2c-lcd.o
    0x08002682   0x08002682   0x00000002   PAD
    0x08002684   0x08002684   0x00000022   Code   RO          154    .text.LCD_SendString  i2c-lcd.o
    0x080026a6   0x080026a6   0x00000002   PAD
    0x080026a8   0x080026a8   0x00000038   Code   RO          158    .text.LCD_SetCursor  i2c-lcd.o
    0x080026e0   0x080026e0   0x00000092   Code   RO          123    .text.MFRC522_Anticoll  rc522.o
    0x08002772   0x08002772   0x00000002   PAD
    0x08002774   0x08002774   0x00000066   Code   RO          117    .text.MFRC522_Init  rc522.o
    0x080027da   0x080027da   0x00000002   PAD
    0x080027dc   0x080027dc   0x00000050   Code   RO          121    .text.MFRC522_Request  rc522.o
    0x0800282c   0x0800282c   0x0000000c   Code   RO          113    .text.MFRC522_Reset  rc522.o
    0x08002838   0x08002838   0x000000b0   Code   RO          115    .text.MFRC522_SPI_Init  rc522.o
    0x080028e8   0x080028e8   0x000001fe   Code   RO          119    .text.MFRC522_ToCard  rc522.o
    0x08002ae6   0x08002ae6   0x00000002   PAD
    0x08002ae8   0x08002ae8   0x00000010   Code   RO          169    .text.MX_FATFS_DeInit  fatfs.o
    0x08002af8   0x08002af8   0x00000022   Code   RO          167    .text.MX_FATFS_Init  fatfs.o
    0x08002b1a   0x08002b1a   0x00000002   PAD
    0x08002b1c   0x08002b1c   0x00000126   Code   RO           20    .text.MX_GPIO_Init  main.o
    0x08002c42   0x08002c42   0x00000002   PAD
    0x08002c44   0x08002c44   0x000000ec   Code   RO           22    .text.MX_I2C1_Init  main.o
    0x08002d30   0x08002d30   0x0000003a   Code   RO           18    .text.MX_RCC_Init   main.o
    0x08002d6a   0x08002d6a   0x00000002   PAD
    0x08002d6c   0x08002d6c   0x00000060   Code   RO            8    .text.MX_SPI1_DeInit  main.o
    0x08002dcc   0x08002dcc   0x000000a0   Code   RO            4    .text.MX_SPI1_Init  main.o
    0x08002e6c   0x08002e6c   0x0000003e   Code   RO           24    .text.MX_USART3_UART_Init  main.o
    0x08002eaa   0x08002eaa   0x00000002   PAD
    0x08002eac   0x08002eac   0x000000aa   Code   RO          470    .text.NVIC_Init     misc.o
    0x08002f56   0x08002f56   0x00000002   PAD
    0x08002f58   0x08002f58   0x00000056   Code   RO           99    .text.RC522_SPI_Transfer  rc522.o
    0x08002fae   0x08002fae   0x00000002   PAD
    0x08002fb0   0x08002fb0   0x00000038   Code   RO          733    .text.RCC_APB1PeriphClockCmd  stm32f10x_rcc.o
    0x08002fe8   0x08002fe8   0x00000038   Code   RO          737    .text.RCC_APB1PeriphResetCmd  stm32f10x_rcc.o
    0x08003020   0x08003020   0x00000038   Code   RO          731    .text.RCC_APB2PeriphClockCmd  stm32f10x_rcc.o
    0x08003058   0x08003058   0x00000038   Code   RO          735    .text.RCC_APB2PeriphResetCmd  stm32f10x_rcc.o
    0x08003090   0x08003090   0x00000172   Code   RO          727    .text.RCC_GetClocksFreq  stm32f10x_rcc.o
    0x08003202   0x08003202   0x00000002   PAD
    0x08003204   0x08003204   0x00000082   Code   RO          693    .text.RCC_GetFlagStatus  stm32f10x_rcc.o
    0x08003286   0x08003286   0x00000002   PAD
    0x08003288   0x08003288   0x00000010   Code   RO          705    .text.RCC_GetSYSCLKSource  stm32f10x_rcc.o
    0x08003298   0x08003298   0x0000002c   Code   RO          707    .text.RCC_HCLKConfig  stm32f10x_rcc.o
    0x080032c4   0x080032c4   0x0000005c   Code   RO          689    .text.RCC_HSEConfig  stm32f10x_rcc.o
    0x08003320   0x08003320   0x0000002c   Code   RO          709    .text.RCC_PCLK1Config  stm32f10x_rcc.o
    0x0800334c   0x0800334c   0x0000002e   Code   RO          711    .text.RCC_PCLK2Config  stm32f10x_rcc.o
    0x0800337a   0x0800337a   0x00000002   PAD
    0x0800337c   0x0800337c   0x00000016   Code   RO          701    .text.RCC_PLLCmd    stm32f10x_rcc.o
    0x08003392   0x08003392   0x00000002   PAD
    0x08003394   0x08003394   0x00000032   Code   RO          699    .text.RCC_PLLConfig  stm32f10x_rcc.o
    0x080033c6   0x080033c6   0x00000002   PAD
    0x080033c8   0x080033c8   0x0000002c   Code   RO          703    .text.RCC_SYSCLKConfig  stm32f10x_rcc.o
    0x080033f4   0x080033f4   0x0000006c   Code   RO          691    .text.RCC_WaitForHSEStartUp  stm32f10x_rcc.o
    0x08003460   0x08003460   0x0000004c   Code   RO          103    .text.Read_MFRC522  rc522.o
    0x080034ac   0x080034ac   0x0000030e   Code   RO           10    .text.RemoveUIDFromFile  main.o
    0x080037ba   0x080037ba   0x00000002   PAD
    0x080037bc   0x080037bc   0x00000042   Code   RO           70    .text.SDTimer_Handler  delay.o
    0x080037fe   0x080037fe   0x00000002   PAD
    0x08003800   0x08003800   0x0000000c   Code   RO          210    .text.SD_CheckPower  fatfs_sd.o
    0x0800380c   0x0800380c   0x0000000e   Code   RO          196    .text.SD_PowerOff   fatfs_sd.o
    0x0800381a   0x0800381a   0x00000002   PAD
    0x0800381c   0x0800381c   0x000000b8   Code   RO          186    .text.SD_PowerOn    fatfs_sd.o
    0x080038d4   0x080038d4   0x00000032   Code   RO          212    .text.SD_ReadyWait  fatfs_sd.o
    0x08003906   0x08003906   0x00000002   PAD
    0x08003908   0x08003908   0x0000009a   Code   RO          202    .text.SD_RxDataBlock  fatfs_sd.o
    0x080039a2   0x080039a2   0x00000002   PAD
    0x080039a4   0x080039a4   0x000000da   Code   RO          190    .text.SD_SendCmd    fatfs_sd.o
    0x08003a7e   0x08003a7e   0x00000002   PAD
    0x08003a80   0x08003a80   0x000000d4   Code   RO          206    .text.SD_TxDataBlock  fatfs_sd.o
    0x08003b54   0x08003b54   0x00000242   Code   RO          184    .text.SD_disk_initialize  fatfs_sd.o
    0x08003d96   0x08003d96   0x00000002   PAD
    0x08003d98   0x08003d98   0x0000023e   Code   RO          208    .text.SD_disk_ioctl  fatfs_sd.o
    0x08003fd6   0x08003fd6   0x00000002   PAD
    0x08003fd8   0x08003fd8   0x000000e2   Code   RO          200    .text.SD_disk_read  fatfs_sd.o
    0x080040ba   0x080040ba   0x00000002   PAD
    0x080040bc   0x080040bc   0x0000002e   Code   RO          198    .text.SD_disk_status  fatfs_sd.o
    0x080040ea   0x080040ea   0x00000002   PAD
    0x080040ec   0x080040ec   0x00000126   Code   RO          204    .text.SD_disk_write  fatfs_sd.o
    0x08004212   0x08004212   0x00000002   PAD
    0x08004214   0x08004214   0x00000012   Code   RO          188    .text.SELECT        fatfs_sd.o
    0x08004226   0x08004226   0x00000002   PAD
    0x08004228   0x08004228   0x0000002c   Code   RO          837    .text.SPI_Cmd       stm32f10x_spi.o
    0x08004254   0x08004254   0x00000080   Code   RO          827    .text.SPI_I2S_DeInit  stm32f10x_spi.o
    0x080042d4   0x080042d4   0x00000036   Code   RO          865    .text.SPI_I2S_GetFlagStatus  stm32f10x_spi.o
    0x0800430a   0x0800430a   0x00000002   PAD
    0x0800430c   0x0800430c   0x0000000c   Code   RO          847    .text.SPI_I2S_ReceiveData  stm32f10x_spi.o
    0x08004318   0x08004318   0x00000014   Code   RO          845    .text.SPI_I2S_SendData  stm32f10x_spi.o
    0x0800432c   0x0800432c   0x00000068   Code   RO          829    .text.SPI_Init      stm32f10x_spi.o
    0x08004394   0x08004394   0x00000064   Code   RO          192    .text.SPI_RxByte    fatfs_sd.o
    0x080043f8   0x080043f8   0x00000012   Code   RO          216    .text.SPI_RxBytePtr  fatfs_sd.o
    0x0800440a   0x0800440a   0x00000002   PAD
    0x0800440c   0x0800440c   0x0000004a   Code   RO          214    .text.SPI_TxByte    fatfs_sd.o
    0x08004456   0x08004456   0x00000002   PAD
    0x08004458   0x08004458   0x0000002e   Code   RO          105    .text.SetBitMask    rc522.o
    0x08004486   0x08004486   0x00000002   PAD
    0x08004488   0x08004488   0x00000008   Code   RO         1145    .text.SetSysClock   system_stm32f10x.o
    0x08004490   0x08004490   0x00000122   Code   RO         1149    .text.SetSysClockTo72  system_stm32f10x.o
    0x080045b2   0x080045b2   0x00000002   PAD
    0x080045b4   0x080045b4   0x00000052   Code   RO           76    .text.SysTick_Config  delay.o
    0x08004606   0x08004606   0x00000002   PAD
    0x08004608   0x08004608   0x0000004a   Code   RO           72    .text.SysTick_Handler  delay.o
    0x08004652   0x08004652   0x00000002   PAD
    0x08004654   0x08004654   0x00000028   Code   RO           74    .text.Sys_DelayInit  delay.o
    0x0800467c   0x0800467c   0x00000076   Code   RO           16    .text.SystemClock_Config  main.o
    0x080046f2   0x080046f2   0x00000002   PAD
    0x080046f4   0x080046f4   0x00000066   Code   RO         1143    .text.SystemInit    system_stm32f10x.o
    0x0800475a   0x0800475a   0x00000002   PAD
    0x0800475c   0x0800475c   0x0000003e   Code   RO           84    .text.TIM2_Config   delay.o
    0x0800479a   0x0800479a   0x00000002   PAD
    0x0800479c   0x0800479c   0x0000002c   Code   RO          922    .text.TIM_Cmd       stm32f10x_tim.o
    0x080047c8   0x080047c8   0x0000000c   Code   RO         1050    .text.TIM_GetCounter  stm32f10x_tim.o
    0x080047d4   0x080047d4   0x00000014   Code   RO         1028    .text.TIM_SetCounter  stm32f10x_tim.o
    0x080047e8   0x080047e8   0x00000142   Code   RO          882    .text.TIM_TimeBaseInit  stm32f10x_tim.o
    0x0800492a   0x0800492a   0x00000002   PAD
    0x0800492c   0x0800492c   0x00000036   Code   RO            6    .text.UART_SendString  main.o
    0x08004962   0x08004962   0x00000002   PAD
    0x08004964   0x08004964   0x0000002c   Code   RO         1079    .text.USART_Cmd     stm32f10x_usart.o
    0x08004990   0x08004990   0x00000044   Code   RO         1119    .text.USART_GetFlagStatus  stm32f10x_usart.o
    0x080049d4   0x080049d4   0x0000015c   Code   RO         1071    .text.USART_Init    stm32f10x_usart.o
    0x08004b30   0x08004b30   0x00000018   Code   RO         1095    .text.USART_SendData  stm32f10x_usart.o
    0x08004b48   0x08004b48   0x00000014   Code   RO          228    .text.USER_initialize  user_diskio.o
    0x08004b5c   0x08004b5c   0x00000020   Code   RO          236    .text.USER_ioctl    user_diskio.o
    0x08004b7c   0x08004b7c   0x00000020   Code   RO          232    .text.USER_read     user_diskio.o
    0x08004b9c   0x08004b9c   0x00000014   Code   RO          230    .text.USER_status   user_diskio.o
    0x08004bb0   0x08004bb0   0x00000020   Code   RO          234    .text.USER_write    user_diskio.o
    0x08004bd0   0x08004bd0   0x00000046   Code   RO          101    .text.Write_MFRC522  rc522.o
    0x08004c16   0x08004c16   0x00000002   PAD
    0x08004c18   0x08004c18   0x00000042   Code   RO           30    .text.__NVIC_SetPriority  main.o
    0x08004c5a   0x08004c5a   0x00000002   PAD
    0x08004c5c   0x08004c5c   0x00000042   Code   RO           86    .text.__NVIC_SetPriority  delay.o
    0x08004c9e   0x08004c9e   0x00000002   PAD
    0x08004ca0   0x08004ca0   0x000000c4   Code   RO          368    .text.check_fs      ff.o
    0x08004d64   0x08004d64   0x0000003c   Code   RO          374    .text.chk_chr       ff.o
    0x08004da0   0x08004da0   0x0000011c   Code   RO          284    .text.chk_lock      ff.o
    0x08004ebc   0x08004ebc   0x0000004e   Code   RO          276    .text.clear_lock    ff.o
    0x08004f0a   0x08004f0a   0x00000002   PAD
    0x08004f0c   0x08004f0c   0x00000078   Code   RO          302    .text.clmt_clust    ff.o
    0x08004f84   0x08004f84   0x00000042   Code   RO          264    .text.clust2sect    ff.o
    0x08004fc6   0x08004fc6   0x00000002   PAD
    0x08004fc8   0x08004fc8   0x000000da   Code   RO          376    .text.cmp_lfn       ff.o
    0x080050a2   0x080050a2   0x00000002   PAD
    0x080050a4   0x080050a4   0x0000016e   Code   RO          308    .text.create_chain  ff.o
    0x08005212   0x08005212   0x00000002   PAD
    0x08005214   0x08005214   0x00000446   Code   RO          370    .text.create_name   ff.o
    0x0800565a   0x0800565a   0x00000002   PAD
    0x0800565c   0x0800565c   0x0000009e   Code   RO          316    .text.dec_lock      ff.o
    0x080056fa   0x080056fa   0x00000002   PAD
    0x080056fc   0x080056fc   0x000000ac   Code   RO          384    .text.dir_alloc     ff.o
    0x080057a8   0x080057a8   0x000001de   Code   RO          372    .text.dir_find      ff.o
    0x08005986   0x08005986   0x00000002   PAD
    0x08005988   0x08005988   0x0000026e   Code   RO          332    .text.dir_next      ff.o
    0x08005bf6   0x08005bf6   0x00000002   PAD
    0x08005bf8   0x08005bf8   0x0000024a   Code   RO          288    .text.dir_register  ff.o
    0x08005e42   0x08005e42   0x00000002   PAD
    0x08005e44   0x08005e44   0x00000198   Code   RO          322    .text.dir_sdi       ff.o
    0x08005fdc   0x08005fdc   0x00000050   Code   RO          408    .text.disk_initialize  diskio.o
    0x0800602c   0x0800602c   0x0000003a   Code   RO          414    .text.disk_ioctl    diskio.o
    0x08006066   0x08006066   0x00000002   PAD
    0x08006068   0x08006068   0x0000003c   Code   RO          410    .text.disk_read     diskio.o
    0x080060a4   0x080060a4   0x0000002e   Code   RO          406    .text.disk_status   diskio.o
    0x080060d2   0x080060d2   0x00000002   PAD
    0x080060d4   0x080060d4   0x0000003c   Code   RO          412    .text.disk_write    diskio.o
    0x08006110   0x08006110   0x0000004c   Code   RO          286    .text.enq_lock      ff.o
    0x0800615c   0x0800615c   0x0000005a   Code   RO          314    .text.f_close       ff.o
    0x080061b6   0x080061b6   0x00000002   PAD
    0x080061b8   0x080061b8   0x0000008a   Code   RO          358    .text.f_gets        ff.o
    0x08006242   0x08006242   0x00000002   PAD
    0x08006244   0x08006244   0x000005cc   Code   RO          318    .text.f_lseek       ff.o
    0x08006810   0x08006810   0x000000ac   Code   RO          272    .text.f_mount       ff.o
    0x080068bc   0x080068bc   0x00000436   Code   RO          280    .text.f_open        ff.o
    0x08006cf2   0x08006cf2   0x00000002   PAD
    0x08006cf4   0x08006cf4   0x000003a8   Code   RO          298    .text.f_read        ff.o
    0x0800709c   0x0800709c   0x00000154   Code   RO          310    .text.f_sync        ff.o
    0x080071f0   0x080071f0   0x000001ba   Code   RO          338    .text.f_truncate    ff.o
    0x080073aa   0x080073aa   0x00000002   PAD
    0x080073ac   0x080073ac   0x00000428   Code   RO          306    .text.f_write       ff.o
    0x080077d4   0x080077d4   0x000000aa   Code   RO          425    .text.ff_convert    ccsbcs.o
    0x0800787e   0x0800787e   0x00000002   PAD
    0x08007880   0x08007880   0x00000084   Code   RO          427    .text.ff_wtoupper   ccsbcs.o
    0x08007904   0x08007904   0x0000057c   Code   RO          278    .text.find_volume   ff.o
    0x08007e80   0x08007e80   0x000000d4   Code   RO          386    .text.fit_lfn       ff.o
    0x08007f54   0x08007f54   0x000000fc   Code   RO          282    .text.follow_path   ff.o
    0x08008050   0x08008050   0x00000148   Code   RO          382    .text.gen_numname   ff.o
    0x08008198   0x08008198   0x0000018e   Code   RO          266    .text.get_fat       ff.o
    0x08008326   0x08008326   0x00000002   PAD
    0x08008328   0x08008328   0x00000004   Code   RO          171    .text.get_fattime   fatfs.o
    0x0800832c   0x0800832c   0x000000a8   Code   RO          274    .text.get_ldnumber  ff.o
    0x080083d4   0x080083d4   0x00000198   Code   RO          296    .text.inc_lock      ff.o
    0x0800856c   0x0800856c   0x00000034   Code   RO          290    .text.ld_clust      ff.o
    0x080085a0   0x080085a0   0x000001d8   Code   RO           14    .text.main          main.o
    0x08008778   0x08008778   0x00000052   Code   RO          380    .text.mem_cmp       ff.o
    0x080087ca   0x080087ca   0x00000002   PAD
    0x080087cc   0x080087cc   0x00000032   Code   RO          304    .text.mem_cpy       ff.o
    0x080087fe   0x080087fe   0x00000002   PAD
    0x08008800   0x08008800   0x00000028   Code   RO          348    .text.mem_set       ff.o
    0x08008828   0x08008828   0x00000068   Code   RO          268    .text.move_window   ff.o
    0x08008890   0x08008890   0x0000023c   Code   RO          270    .text.put_fat       ff.o
    0x08008acc   0x08008acc   0x000000c4   Code   RO          294    .text.remove_chain  ff.o
    0x08008b90   0x08008b90   0x00000028   Code   RO          292    .text.st_clust      ff.o
    0x08008bb8   0x08008bb8   0x0000003e   Code   RO          378    .text.sum_sfn       ff.o
    0x08008bf6   0x08008bf6   0x00000002   PAD
    0x08008bf8   0x08008bf8   0x00000136   Code   RO          312    .text.sync_fs       ff.o
    0x08008d2e   0x08008d2e   0x00000002   PAD
    0x08008d30   0x08008d30   0x000000ac   Code   RO          346    .text.sync_window   ff.o
    0x08008ddc   0x08008ddc   0x00000074   Code   RO          300    .text.validate      ff.o
    0x08008e50   0x08008e50   0x0000003e   Code   RO         1328    CL$$btod_d2e        c_w.l(btod.o)
    0x08008e8e   0x08008e8e   0x00000046   Code   RO         1330    CL$$btod_d2e_denorm_low  c_w.l(btod.o)
    0x08008ed4   0x08008ed4   0x00000060   Code   RO         1329    CL$$btod_d2e_norm_op1  c_w.l(btod.o)
    0x08008f34   0x08008f34   0x00000338   Code   RO         1338    CL$$btod_div_common  c_w.l(btod.o)
    0x0800926c   0x0800926c   0x000000dc   Code   RO         1335    CL$$btod_e2e        c_w.l(btod.o)
    0x08009348   0x08009348   0x0000002a   Code   RO         1332    CL$$btod_ediv       c_w.l(btod.o)
    0x08009372   0x08009372   0x0000002a   Code   RO         1331    CL$$btod_emul       c_w.l(btod.o)
    0x0800939c   0x0800939c   0x00000244   Code   RO         1337    CL$$btod_mult_common  c_w.l(btod.o)
    0x080095e0   0x080095e0   0x00000028   Code   RO         1366    i.__ARM_fpclassify  m_ws.l(fpclassify.o)
    0x08009608   0x08009608   0x0000000e   Code   RO         1236    i._is_digit         c_w.l(__printf_wp.o)
    0x08009616   0x08009616   0x00000002   PAD
    0x08009618   0x08009618   0x0000002c   Code   RO         1353    locale$$code        c_w.l(lc_numeric_c.o)
    0x08009644   0x08009644   0x0000002c   Code   RO         1376    locale$$code        c_w.l(lc_ctype_c.o)
    0x08009670   0x08009670   0x00000004   Code   RO         1271    x$fpl$printf1       fz_ws.l(printf1.o)
    0x08009674   0x08009674   0x00000004   Code   RO         1273    x$fpl$printf2       fz_ws.l(printf2.o)
    0x08009678   0x08009678   0x00000000   Code   RO         1365    x$fpl$usenofp       fz_ws.l(usenofp.o)
    0x08009678   0x08009678   0x00000008   Data   RO         1195    .constdata          c_w.l(_printf_wctomb.o)
    0x08009680   0x08009680   0x00000028   Data   RO         1224    .constdata          c_w.l(_printf_hex_int_ll_ptr.o)
    0x080096a8   0x080096a8   0x00000011   Data   RO         1244    .constdata          c_w.l(__printf_flags_ss_wp.o)
    0x080096b9   0x080096b9   0x00000026   Data   RO         1303    .constdata          c_w.l(_printf_fp_hex.o)
    0x080096df   0x080096df   0x00000001   PAD
    0x080096e0   0x080096e0   0x00000094   Data   RO         1326    .constdata          c_w.l(bigflt0.o)
    0x08009774   0x08009774   0x00000023   Data   RO           45    .rodata..L__const.main.Mx1  main.o
    0x08009797   0x08009797   0x00000004   Data   RO          752    .rodata.ADCPrescTable  stm32f10x_rcc.o
    0x0800979b   0x0800979b   0x00000010   Data   RO          751    .rodata.APBAHBPrescTable  stm32f10x_rcc.o
    0x080097ab   0x080097ab   0x00000080   Data   RO          397    .rodata.ExCvt       ff.o
    0x0800982b   0x0800982b   0x0000000d   Data   RO          398    .rodata.LfnOfs      ff.o
    0x08009838   0x08009838   0x00000100   Data   RO          429    .rodata.Tbl         ccsbcs.o
    0x08009938   0x08009938   0x000001e0   Data   RO          430    .rodata.ff_wtoupper.tbl_lower  ccsbcs.o
    0x08009b18   0x08009b18   0x000001e0   Data   RO          431    .rodata.ff_wtoupper.tbl_upper  ccsbcs.o
    0x08009cf8   0x08009cf8   0x000001c9   Data   RO           39    .rodata.str1.1      main.o
    0x08009ec1   0x08009ec1   0x00000010   Data   RO          394    .rodata.str1.1      ff.o
    0x08009ed1   0x08009ed1   0x00000003   PAD
    0x08009ed4   0x08009ed4   0x00000020   Data   RO         1511    Region$$Table       anon$$obj.o
    0x08009ef4   0x08009ef4   0x0000001c   Data   RO         1352    locale$$data        c_w.l(lc_numeric_c.o)
    0x08009f10   0x08009f10   0x00000110   Data   RO         1375    locale$$data        c_w.l(lc_ctype_c.o)


    Execution Region RW_IRAM1 (Exec base: 0x20000000, Load base: 0x0800a020, Size: 0x00002968, Max: 0x00005000, ABSOLUTE)

    Exec Addr    Load Addr    Size         Type   Attr      Idx    E Section Name        Object

    0x20000000   0x0800a020   0x00000001   Data   RW          218    .data.Stat          fatfs_sd.o
    0x20000001   0x0800a021   0x00000003   PAD
    0x20000004   0x0800a024   0x00000004   Data   RW         1151    .data.SystemCoreClock  system_stm32f10x.o
    0x20000008   0x0800a028   0x00000014   Data   RW          238    .data.USER_Driver   user_diskio.o
    0x2000001c   0x0800a03c   0x00000004   PAD
    0x20000020        -       0x00000060   Zero   RW         1369    .bss                c_w.l(libspace.o)
    0x20000080        -       0x00000001   Zero   RW          219    .bss.CardType       fatfs_sd.o
    0x20000081   0x0800a03c   0x00000003   PAD
    0x20000084        -       0x00000004   Zero   RW          390    .bss.FatFs          ff.o
    0x20000088        -       0x00000001   Zero   RW           91    .bss.FatFsCnt       delay.o
    0x20000089   0x0800a03c   0x00000003   PAD
    0x2000008c        -       0x0000000c   Zero   RW          395    .bss.Files          ff.o
    0x20000098        -       0x00000002   Zero   RW          396    .bss.Fsid           ff.o
    0x2000009a        -       0x00000200   Zero   RW          391    .bss.LfnBuf         ff.o
    0x2000029a        -       0x00000001   Zero   RW          220    .bss.PowerFlag      fatfs_sd.o
    0x2000029b        -       0x00000001   Zero   RW           88    .bss.Timer1         delay.o
    0x2000029c        -       0x00000001   Zero   RW           89    .bss.Timer2         delay.o
    0x2000029d        -       0x00000005   Zero   RW           42    .bss.UID            main.o
    0x200002a2        -       0x00000004   Zero   RW          173    .bss.USERPath       fatfs.o
    0x200002a6        -       0x00000001   Zero   RW           43    .bss.button1Pressed  main.o
    0x200002a7        -       0x00000001   Zero   RW           44    .bss.button2Pressed  main.o
    0x200002a8        -       0x0000000c   Zero   RW          256    .bss.disk           ff_gen_drv.o
    0x200002b4        -       0x0000102c   Zero   RW           41    .bss.fil            main.o
    0x200012e0        -       0x00000001   Zero   RW           40    .bss.fres           main.o
    0x200012e1   0x0800a03c   0x00000003   PAD
    0x200012e4        -       0x00001030   Zero   RW           38    .bss.fs             main.o
    0x20002314        -       0x00000001   Zero   RW          174    .bss.retUSER        fatfs.o
    0x20002315        -       0x00000032   Zero   RW           33    .bss.str1           main.o
    0x20002347        -       0x00000019   Zero   RW           34    .bss.str2           main.o
    0x20002360        -       0x00000004   Zero   RW           90    .bss.sysTimingDelay  delay.o
    0x20002364   0x0800a03c   0x00000004   PAD
    0x20002368        -       0x00000200   Zero   RW         1134    HEAP                startup_stm32f10x_md.o
    0x20002568        -       0x00000400   Zero   RW         1133    STACK               startup_stm32f10x_md.o


==============================================================================

Image component sizes


      Code (inc. data)   RO Data    RW Data    ZI Data      Debug   Object Name

       302          0       1216          0          0       1132   ccsbcs.o
       566          0          0          0          7       6595   delay.o
       304          0          0          0          0       1705   diskio.o
        54          0          0          0          5       1916   fatfs.o
      2790         14          0          1          2       6328   fatfs_sd.o
     15692          0        157          0        530      33877   ff.o
       282          0          0          0         12       2211   ff_gen_drv.o
       550          0          0          0          0       2547   i2c-lcd.o
      3868          0        492          0       8367      12085   main.o
       170          0          0          0          0       3294   misc.o
      1374          0          0          0          0       7070   rc522.o
        64         26        236          0       1536        856   startup_stm32f10x_md.o
       330          0          0          0          0       2895   stm32f10x_exti.o
        76          0          0          0          0       7116   stm32f10x_flash.o
       808          0          0          0          0       5705   stm32f10x_gpio.o
       792          0          0          0          0       7875   stm32f10x_i2c.o
      1190          0         20          0          0       7024   stm32f10x_rcc.o
       362          0          0          0          0       6614   stm32f10x_spi.o
       398          0          0          0          0      20337   stm32f10x_tim.o
       484          0          0          0          0       7497   stm32f10x_usart.o
       400          0          0          4          0       2882   system_stm32f10x.o
       136          0          0         20          0       1772   user_diskio.o

    ----------------------------------------------------------------------
     31148         40       2156         28      10476     149333   Object Totals
         0          0         32          0          0          0   (incl. Generated)
       156          0          3          3         17          0   (incl. Padding)

    ----------------------------------------------------------------------

      Code (inc. data)   RO Data    RW Data    ZI Data      Debug   Library Member Name

         8          0          0          0          0         68   __main.o
       392          4         17          0          0         92   __printf_flags_ss_wp.o
        14          0          0          0          0         68   __printf_wp.o
         0          0          0          0          0          0   __rtentry.o
        12          0          0          0          0          0   __rtentry2.o
         6          0          0          0          0          0   __rtentry4.o
        52          8          0          0          0          0   __scatter.o
        26          0          0          0          0          0   __scatter_copy.o
        28          0          0          0          0          0   __scatter_zi.o
        72          0          0          0          0         96   _c16rtomb.o
         6          0          0          0          0          0   _printf_a.o
         6          0          0          0          0          0   _printf_c.o
        44          0          0          0          0        108   _printf_char.o
        48          6          0          0          0         96   _printf_char_common.o
        40          0          0          0          0         68   _printf_charcount.o
         6          0          0          0          0          0   _printf_d.o
       120         16          0          0          0         92   _printf_dec.o
         6          0          0          0          0          0   _printf_e.o
         6          0          0          0          0          0   _printf_f.o
      1052          0          0          0          0        148   _printf_fp_dec.o
       764          8         38          0          0        100   _printf_fp_hex.o
       128         16          0          0          0         84   _printf_fp_infnan.o
         6          0          0          0          0          0   _printf_g.o
       148          4         40          0          0        160   _printf_hex_int_ll_ptr.o
         6          0          0          0          0          0   _printf_i.o
       178          0          0          0          0         88   _printf_intcommon.o
        10          0          0          0          0          0   _printf_l.o
         6          0          0          0          0          0   _printf_lc.o
        10          0          0          0          0          0   _printf_ll.o
         6          0          0          0          0          0   _printf_lld.o
         6          0          0          0          0          0   _printf_lli.o
         6          0          0          0          0          0   _printf_llo.o
         6          0          0          0          0          0   _printf_llu.o
         6          0          0          0          0          0   _printf_llx.o
       124         16          0          0          0         92   _printf_longlong_dec.o
         6          0          0          0          0          0   _printf_ls.o
         6          0          0          0          0          0   _printf_n.o
         6          0          0          0          0          0   _printf_o.o
       112          8          0          0          0        124   _printf_oct_int_ll.o
         6          0          0          0          0          0   _printf_p.o
        78          0          0          0          0        108   _printf_pad.o
         0          0          0          0          0          0   _printf_percent.o
         4          0          0          0          0          0   _printf_percent_end.o
         6          0          0          0          0          0   _printf_s.o
        82          0          0          0          0         80   _printf_str.o
        36          0          0          0          0         84   _printf_truncate.o
         6          0          0          0          0          0   _printf_u.o
        44          0          0          0          0        108   _printf_wchar.o
       188          6          8          0          0         92   _printf_wctomb.o
         6          0          0          0          0          0   _printf_x.o
        10          0          0          0          0         68   _sputc.o
       228          4        148          0          0         96   bigflt0.o
      1936        128          0          0          0        668   btod.o
        18          0          0          0          0         80   exit.o
         6          0          0          0          0        152   heapauxi.o
         0          0          0          0          0          0   indicate_semi.o
        44         10        272          0          0         76   lc_ctype_c.o
        44         10         28          0          0         76   lc_numeric_c.o
         2          0          0          0          0          0   libinit.o
        30          0          0          0          0          0   libinit2.o
         2          0          0          0          0          0   libshutdown.o
         2          0          0          0          0          0   libshutdown2.o
         8          4          0          0         96         68   libspace.o
       138          0          0          0          0         80   lludiv10.o
        16          4          0          0          0         76   rt_ctype_table.o
         8          4          0          0          0         68   rt_locale_intlibspace.o
       138          0          0          0          0         68   rt_memcpy_v6.o
       100          0          0          0          0         80   rt_memcpy_w.o
         2          0          0          0          0          0   rtexit.o
        10          0          0          0          0          0   rtexit2.o
        44          6          0          0          0         84   sprintf.o
       128          0          0          0          0         68   strcmpv7m.o
        32          0          0          0          0         80   strcspn.o
        62          0          0          0          0         76   strlen.o
        36          0          0          0          0         80   strstr.o
        12          4          0          0          0         68   sys_exit.o
        74          0          0          0          0         80   sys_stackheap_outer.o
         2          0          0          0          0         68   use_no_semi.o
         4          0          0          0          0         68   printf1.o
         4          0          0          0          0         68   printf2.o
         0          0          0          0          0          0   usenofp.o
        40          0          0          0          0         68   fpclassify.o

    ----------------------------------------------------------------------
      7136        266        552          0         96       4420   Library Totals
        16          0          1          0          0          0   (incl. Padding)

    ----------------------------------------------------------------------

      Code (inc. data)   RO Data    RW Data    ZI Data      Debug   Library Name

      7072        266        551          0         96       4216   c_w.l
         8          0          0          0          0        136   fz_ws.l
        40          0          0          0          0         68   m_ws.l

    ----------------------------------------------------------------------
      7136        266        552          0         96       4420   Library Totals

    ----------------------------------------------------------------------

==============================================================================


      Code (inc. data)   RO Data    RW Data    ZI Data      Debug   

     38284        306       2708         28      10572     150957   Grand Totals
     38284        306       2708         28      10572     150957   ELF Image Totals
     38284        306       2708         28          0          0   ROM Totals

==============================================================================

    Total RO  Size (Code + RO Data)                40992 (  40.03kB)
    Total RW  Size (RW Data + ZI Data)             10600 (  10.35kB)
    Total ROM Size (Code + RO Data + RW Data)      41020 (  40.06kB)

==============================================================================

